Archive member included to satisfy reference by file (symbol)

C:/ST/STM32CubeIDE_1.14.1/STM32CubeIDE/plugins/com.st.stm32cube.ide.mcu.externaltools.gnu-tools-for-stm32.11.3.rel1.win32_1.1.100.202309141235/tools/bin/../lib/gcc/arm-none-eabi/11.3.1/../../../../arm-none-eabi/lib/thumb/v7e-m+fp/hard\libc_nano.a(libc_a-exit.o)
                              C:/ST/STM32CubeIDE_1.14.1/STM32CubeIDE/plugins/com.st.stm32cube.ide.mcu.externaltools.gnu-tools-for-stm32.11.3.rel1.win32_1.1.100.202309141235/tools/bin/../lib/gcc/arm-none-eabi/11.3.1/../../../../arm-none-eabi/lib/thumb/v7e-m+fp/hard/crt0.o (exit)
C:/ST/STM32CubeIDE_1.14.1/STM32CubeIDE/plugins/com.st.stm32cube.ide.mcu.externaltools.gnu-tools-for-stm32.11.3.rel1.win32_1.1.100.202309141235/tools/bin/../lib/gcc/arm-none-eabi/11.3.1/../../../../arm-none-eabi/lib/thumb/v7e-m+fp/hard\libc_nano.a(libc_a-nano-vfprintf_float.o)
                              (_printf_float)
C:/ST/STM32CubeIDE_1.14.1/STM32CubeIDE/plugins/com.st.stm32cube.ide.mcu.externaltools.gnu-tools-for-stm32.11.3.rel1.win32_1.1.100.202309141235/tools/bin/../lib/gcc/arm-none-eabi/11.3.1/../../../../arm-none-eabi/lib/thumb/v7e-m+fp/hard\libc_nano.a(libc_a-nano-vfprintf_i.o)
                              C:/ST/STM32CubeIDE_1.14.1/STM32CubeIDE/plugins/com.st.stm32cube.ide.mcu.externaltools.gnu-tools-for-stm32.11.3.rel1.win32_1.1.100.202309141235/tools/bin/../lib/gcc/arm-none-eabi/11.3.1/../../../../arm-none-eabi/lib/thumb/v7e-m+fp/hard\libc_nano.a(libc_a-nano-vfprintf_float.o) (_printf_common)
C:/ST/STM32CubeIDE_1.14.1/STM32CubeIDE/plugins/com.st.stm32cube.ide.mcu.externaltools.gnu-tools-for-stm32.11.3.rel1.win32_1.1.100.202309141235/tools/bin/../lib/gcc/arm-none-eabi/11.3.1/../../../../arm-none-eabi/lib/thumb/v7e-m+fp/hard\libc_nano.a(libc_a-nano-vfscanf_float.o)
                              (_scanf_float)
C:/ST/STM32CubeIDE_1.14.1/STM32CubeIDE/plugins/com.st.stm32cube.ide.mcu.externaltools.gnu-tools-for-stm32.11.3.rel1.win32_1.1.100.202309141235/tools/bin/../lib/gcc/arm-none-eabi/11.3.1/../../../../arm-none-eabi/lib/thumb/v7e-m+fp/hard\libc_nano.a(libc_a-findfp.o)
                              C:/ST/STM32CubeIDE_1.14.1/STM32CubeIDE/plugins/com.st.stm32cube.ide.mcu.externaltools.gnu-tools-for-stm32.11.3.rel1.win32_1.1.100.202309141235/tools/bin/../lib/gcc/arm-none-eabi/11.3.1/../../../../arm-none-eabi/lib/thumb/v7e-m+fp/hard\libc_nano.a(libc_a-exit.o) (__stdio_exit_handler)
C:/ST/STM32CubeIDE_1.14.1/STM32CubeIDE/plugins/com.st.stm32cube.ide.mcu.externaltools.gnu-tools-for-stm32.11.3.rel1.win32_1.1.100.202309141235/tools/bin/../lib/gcc/arm-none-eabi/11.3.1/../../../../arm-none-eabi/lib/thumb/v7e-m+fp/hard\libc_nano.a(libc_a-fwalk.o)
                              C:/ST/STM32CubeIDE_1.14.1/STM32CubeIDE/plugins/com.st.stm32cube.ide.mcu.externaltools.gnu-tools-for-stm32.11.3.rel1.win32_1.1.100.202309141235/tools/bin/../lib/gcc/arm-none-eabi/11.3.1/../../../../arm-none-eabi/lib/thumb/v7e-m+fp/hard\libc_nano.a(libc_a-findfp.o) (_fwalk_sglue)
C:/ST/STM32CubeIDE_1.14.1/STM32CubeIDE/plugins/com.st.stm32cube.ide.mcu.externaltools.gnu-tools-for-stm32.11.3.rel1.win32_1.1.100.202309141235/tools/bin/../lib/gcc/arm-none-eabi/11.3.1/../../../../arm-none-eabi/lib/thumb/v7e-m+fp/hard\libc_nano.a(libc_a-printf.o)
                              ./MEMS/App/app_mems.o (printf)
C:/ST/STM32CubeIDE_1.14.1/STM32CubeIDE/plugins/com.st.stm32cube.ide.mcu.externaltools.gnu-tools-for-stm32.11.3.rel1.win32_1.1.100.202309141235/tools/bin/../lib/gcc/arm-none-eabi/11.3.1/../../../../arm-none-eabi/lib/thumb/v7e-m+fp/hard\libc_nano.a(libc_a-snprintf.o)
                              ./MEMS/App/app_mems.o (snprintf)
C:/ST/STM32CubeIDE_1.14.1/STM32CubeIDE/plugins/com.st.stm32cube.ide.mcu.externaltools.gnu-tools-for-stm32.11.3.rel1.win32_1.1.100.202309141235/tools/bin/../lib/gcc/arm-none-eabi/11.3.1/../../../../arm-none-eabi/lib/thumb/v7e-m+fp/hard\libc_nano.a(libc_a-sprintf.o)
                              ./Core/Src/main.o (sprintf)
C:/ST/STM32CubeIDE_1.14.1/STM32CubeIDE/plugins/com.st.stm32cube.ide.mcu.externaltools.gnu-tools-for-stm32.11.3.rel1.win32_1.1.100.202309141235/tools/bin/../lib/gcc/arm-none-eabi/11.3.1/../../../../arm-none-eabi/lib/thumb/v7e-m+fp/hard\libc_nano.a(libc_a-stdio.o)
                              C:/ST/STM32CubeIDE_1.14.1/STM32CubeIDE/plugins/com.st.stm32cube.ide.mcu.externaltools.gnu-tools-for-stm32.11.3.rel1.win32_1.1.100.202309141235/tools/bin/../lib/gcc/arm-none-eabi/11.3.1/../../../../arm-none-eabi/lib/thumb/v7e-m+fp/hard\libc_nano.a(libc_a-findfp.o) (__sread)
C:/ST/STM32CubeIDE_1.14.1/STM32CubeIDE/plugins/com.st.stm32cube.ide.mcu.externaltools.gnu-tools-for-stm32.11.3.rel1.win32_1.1.100.202309141235/tools/bin/../lib/gcc/arm-none-eabi/11.3.1/../../../../arm-none-eabi/lib/thumb/v7e-m+fp/hard\libc_nano.a(libc_a-memset.o)
[...]
Memory Configuration

Name             Origin             Length             Attributes
RAM              0x0000000020000000 0x0000000000018000 xrw
RAM2             0x0000000010000000 0x0000000000008000 xrw
FLASH            0x0000000008000000 0x0000000000100000 xr
*default*        0x0000000000000000 0xffffffffffffffff

Linker script and memory map

LOAD C:/ST/STM32CubeIDE_1.14.1/STM32CubeIDE/plugins/com.st.stm32cube.ide.mcu.externaltools.gnu-tools-for-stm32.11.3.rel1.win32_1.1.100.202309141235/tools/bin/../lib/gcc/arm-none-eabi/11.3.1/thumb/v7e-m+fp/hard/crti.o
LOAD C:/ST/STM32CubeIDE_1.14.1/STM32CubeIDE/plugins/com.st.stm32cube.ide.mcu.externaltools.gnu-tools-for-stm32.11.3.rel1.win32_1.1.100.202309141235/tools/bin/../lib/gcc/arm-none-eabi/11.3.1/thumb/v7e-m+fp/hard/crtbegin.o
LOAD C:/ST/STM32CubeIDE_1.14.1/STM32CubeIDE/plugins/com.st.stm32cube.ide.mcu.externaltools.gnu-tools-for-stm32.11.3.rel1.win32_1.1.100.202309141235/tools/bin/../lib/gcc/arm-none-eabi/11.3.1/../../../../arm-none-eabi/lib/thumb/v7e-m+fp/hard/crt0.o
LOAD ./Core/Src/adc.o
LOAD ./Core/Src/custom_bus.o
LOAD ./Core/Src/gpio.o
LOAD ./Core/Src/lcd.o
LOAD ./Core/Src/main.o
LOAD ./Core/Src/rtc.o
LOAD ./Core/Src/stm32l4xx_hal_msp.o
LOAD ./Core/Src/stm32l4xx_it.o
LOAD ./Core/Src/syscalls.o
LOAD ./Core/Src/sysmem.o
LOAD ./Core/Src/system_stm32l4xx.o
LOAD ./Core/Startup/startup_stm32l476rgtx.o
LOAD ./Drivers/BSP/Components/hts221/hts221.o
LOAD ./Drivers/BSP/Components/hts221/hts221_reg.o
LOAD ./Drivers/BSP/Components/lis2dw12/lis2dw12.o
LOAD ./Drivers/BSP/Components/lis2dw12/lis2dw12_reg.o
LOAD ./Drivers/BSP/Components/lis2mdl/lis2mdl.o
LOAD ./Drivers/BSP/Components/lis2mdl/lis2mdl_reg.o
LOAD ./Drivers/BSP/Components/lps22hh/lps22hh.o
LOAD ./Drivers/BSP/Components/lps22hh/lps22hh_reg.o
LOAD ./Drivers/BSP/Components/lsm6dso/lsm6dso.o
LOAD ./Drivers/BSP/Components/lsm6dso/lsm6dso_reg.o
LOAD ./Drivers/BSP/Components/stts751/stts751.o
LOAD ./Drivers/BSP/Components/stts751/stts751_reg.o
LOAD ./Drivers/BSP/IKS01A3/iks01a3_env_sensors.o
LOAD ./Drivers/BSP/IKS01A3/iks01a3_env_sensors_ex.o
LOAD ./Drivers/BSP/IKS01A3/iks01a3_motion_sensors.o
LOAD ./Drivers/BSP/IKS01A3/iks01a3_motion_sensors_ex.o
LOAD ./Drivers/STM32L4xx_HAL_Driver/Src/stm32l4xx_hal.o
LOAD ./Drivers/STM32L4xx_HAL_Driver/Src/stm32l4xx_hal_adc.o
LOAD ./Drivers/STM32L4xx_HAL_Driver/Src/stm32l4xx_hal_adc_ex.o
LOAD ./Drivers/STM32L4xx_HAL_Driver/Src/stm32l4xx_hal_cortex.o
LOAD ./Drivers/STM32L4xx_HAL_Driver/Src/stm32l4xx_hal_dma.o
LOAD ./Drivers/STM32L4xx_HAL_Driver/Src/stm32l4xx_hal_dma_ex.o
LOAD ./Drivers/STM32L4xx_HAL_Driver/Src/stm32l4xx_hal_exti.o
LOAD ./Drivers/STM32L4xx_HAL_Driver/Src/stm32l4xx_hal_flash.o
LOAD ./Drivers/STM32L4xx_HAL_Driver/Src/stm32l4xx_hal_flash_ex.o
LOAD ./Drivers/STM32L4xx_HAL_Driver/Src/stm32l4xx_hal_flash_ramfunc.o
LOAD ./Drivers/STM32L4xx_HAL_Driver/Src/stm32l4xx_hal_gpio.o
LOAD ./Drivers/STM32L4xx_HAL_Driver/Src/stm32l4xx_hal_i2c.o
LOAD ./Drivers/STM32L4xx_HAL_Driver/Src/stm32l4xx_hal_i2c_ex.o
LOAD ./Drivers/STM32L4xx_HAL_Driver/Src/stm32l4xx_hal_pwr.o
LOAD ./Drivers/STM32L4xx_HAL_Driver/Src/stm32l4xx_hal_pwr_ex.o
LOAD ./Drivers/STM32L4xx_HAL_Driver/Src/stm32l4xx_hal_rcc.o
LOAD ./Drivers/STM32L4xx_HAL_Driver/Src/stm32l4xx_hal_rcc_ex.o
LOAD ./Drivers/STM32L4xx_HAL_Driver/Src/stm32l4xx_hal_rtc.o
LOAD ./Drivers/STM32L4xx_HAL_Driver/Src/stm32l4xx_hal_rtc_ex.o
LOAD ./Drivers/STM32L4xx_HAL_Driver/Src/stm32l4xx_hal_tim.o
LOAD ./Drivers/STM32L4xx_HAL_Driver/Src/stm32l4xx_hal_tim_ex.o
LOAD ./MEMS/App/app_mems.o
START GROUP
LOAD C:/ST/STM32CubeIDE_1.14.1/STM32CubeIDE/plugins/com.st.stm32cube.ide.mcu.externaltools.gnu-tools-for-stm32.11.3.rel1.win32_1.1.100.202309141235/tools/bin/../lib/gcc/arm-none-eabi/11.3.1/../../../../arm-none-eabi/lib/thumb/v7e-m+fp/hard\libc_nano.a
LOAD C:/ST/STM32CubeIDE_1.14.1/STM32CubeIDE/plugins/com.st.stm32cube.ide.mcu.externaltools.gnu-tools-for-stm32.11.3.rel1.win32_1.1.100.202309141235/tools/bin/../lib/gcc/arm-none-eabi/11.3.1/../../../../arm-none-eabi/lib/thumb/v7e-m+fp/hard\libm.a
END GROUP
START GROUP
LOAD C:/ST/STM32CubeIDE_1.14.1/STM32CubeIDE/plugins/com.st.stm32cube.ide.mcu.externaltools.gnu-tools-for-stm32.11.3.rel1.win32_1.1.100.202309141235/tools/bin/../lib/gcc/arm-none-eabi/11.3.1/thumb/v7e-m+fp/hard\libgcc.a
LOAD C:/ST/STM32CubeIDE_1.14.1/STM32CubeIDE/plugins/com.st.stm32cube.ide.mcu.externaltools.gnu-tools-for-stm32.11.3.rel1.win32_1.1.100.202309141235/tools/bin/../lib/gcc/arm-none-eabi/11.3.1/../../../../arm-none-eabi/lib/thumb/v7e-m+fp/hard\libc_nano.a
END GROUP
START GROUP
LOAD C:/ST/STM32CubeIDE_1.14.1/STM32CubeIDE/plugins/com.st.stm32cube.ide.mcu.externaltools.gnu-tools-for-stm32.11.3.rel1.win32_1.1.100.202309141235/tools/bin/../lib/gcc/arm-none-eabi/11.3.1/thumb/v7e-m+fp/hard\libgcc.a
LOAD C:/ST/STM32CubeIDE_1.14.1/STM32CubeIDE/plugins/com.st.stm32cube.ide.mcu.externaltools.gnu-tools-for-stm32.11.3.rel1.win32_1.1.100.202309141235/tools/bin/../lib/gcc/arm-none-eabi/11.3.1/../../../../arm-none-eabi/lib/thumb/v7e-m+fp/hard\libc_nano.a
LOAD C:/ST/STM32CubeIDE_1.14.1/STM32CubeIDE/plugins/com.st.stm32cube.ide.mcu.externaltools.gnu-tools-for-stm32.11.3.rel1.win32_1.1.100.202309141235/tools/bin/../lib/gcc/arm-none-eabi/11.3.1/../../../../arm-none-eabi/lib/thumb/v7e-m+fp/hard\libnosys.a
END GROUP
START GROUP
LOAD C:/ST/STM32CubeIDE_1.14.1/STM32CubeIDE/plugins/com.st.stm32cube.ide.mcu.externaltools.gnu-tools-for-stm32.11.3.rel1.win32_1.1.100.202309141235/tools/bin/../lib/gcc/arm-none-eabi/11.3.1/thumb/v7e-m+fp/hard\libgcc.a
LOAD C:/ST/STM32CubeIDE_1.14.1/STM32CubeIDE/plugins/com.st.stm32cube.ide.mcu.externaltools.gnu-tools-for-stm32.11.3.rel1.win32_1.1.100.202309141235/tools/bin/../lib/gcc/arm-none-eabi/11.3.1/../../../../arm-none-eabi/lib/thumb/v7e-m+fp/hard\libc_nano.a
LOAD C:/ST/STM32CubeIDE_1.14.1/STM32CubeIDE/plugins/com.st.stm32cube.ide.mcu.externaltools.gnu-tools-for-stm32.11.3.rel1.win32_1.1.100.202309141235/tools/bin/../lib/gcc/arm-none-eabi/11.3.1/../../../../arm-none-eabi/lib/thumb/v7e-m+fp/hard\libnosys.a
END GROUP
LOAD C:/ST/STM32CubeIDE_1.14.1/STM32CubeIDE/plugins/com.st.stm32cube.ide.mcu.externaltools.gnu-tools-for-stm32.11.3.rel1.win32_1.1.100.202309141235/tools/bin/../lib/gcc/arm-none-eabi/11.3.1/thumb/v7e-m+fp/hard/crtend.o
LOAD C:/ST/STM32CubeIDE_1.14.1/STM32CubeIDE/plugins/com.st.stm32cube.ide.mcu.externaltools.gnu-tools-for-stm32.11.3.rel1.win32_1.1.100.202309141235/tools/bin/../lib/gcc/arm-none-eabi/11.3.1/thumb/v7e-m+fp/hard/crtn.o
                0x0000000020018000                _estack = (ORIGIN (RAM) + LENGTH (RAM))
                0x0000000000000200                _Min_Heap_Size = 0x200
                0x0000000000000400                _Min_Stack_Size = 0x400

.isr_vector     0x0000000008000000      0x188
                0x0000000008000000                . = ALIGN (0x4)
 *(.isr_vector)
 .isr_vector    0x0000000008000000      0x188 ./Core/Startup/startup_stm32l476rgtx.o
                0x0000000008000000                g_pfnVectors
                0x0000000008000188                . = ALIGN (0x4)

.text           0x0000000008000190    0x14af8
                0x0000000008000190                . = ALIGN (0x4)
 *(.text)
 .text          0x0000000008000190       0x40 C:/ST/STM32CubeIDE_1.14.1/STM32CubeIDE/plugins/com.st.stm32cube.ide.mcu.externaltools.gnu-tools-for-stm32.11.3.rel1.win32_1.1.100.202309141235/tools/bin/../lib/gcc/arm-none-eabi/11.3.1/thumb/v7e-m+fp/hard/crtbegin.o
 .text          0x00000000080001d0       0xa0 C:/ST/STM32CubeIDE_1.14.1/STM32CubeIDE/plugins/com.st.stm32cube.ide.mcu.externaltools.gnu-tools-for-stm32.11.3.rel1.win32_1.1.100.202309141235/tools/bin/../lib/gcc/arm-none-eabi/11.3.1/../../../../arm-none-eabi/lib/thumb/v7e-m+fp/hard\libc_nano.a(libc_a-memchr.o)
                0x00000000080001d0                memchr
 .text          0x0000000008000270       0x10 C:/ST/STM32CubeIDE_1.14.1/STM32CubeIDE/plugins/com.st.stm32cube.ide.mcu.externaltools.gnu-tools-for-stm32.11.3.rel1.win32_1.1.100.202309141235/tools/bin/../lib/gcc/arm-none-eabi/11.3.1/../../../../arm-none-eabi/lib/thumb/v7e-m+fp/hard\libc_nano.a(libc_a-strlen.o)
                0x0000000008000270                strlen
 .text          0x0000000008000280      0x378 C:/ST/STM32CubeIDE_1.14.1/STM32CubeIDE/plugins/com.st.stm32cube.ide.mcu.externaltools.gnu-tools-for-stm32.11.3.rel1.win32_1.1.100.202309141235/tools/bin/../lib/gcc/arm-none-eabi/11.3.1/thumb/v7e-m+fp/hard\libgcc.a(_arm_addsubdf3.o)
                0x0000000008000280                __aeabi_drsub
                0x0000000008000288                __aeabi_dsub
                0x0000000008000288                __subdf3
                0x000000000800028c                __aeabi_dadd
                0x000000000800028c                __adddf3
                0x0000000008000504                __floatunsidf
                0x0000000008000504                __aeabi_ui2d
                0x0000000008000524                __floatsidf
                0x0000000008000524                __aeabi_i2d
                0x0000000008000548                __aeabi_f2d
                0x0000000008000548                __extendsfdf2
                0x000000000800058c                __floatundidf
                0x000000000800058c                __aeabi_ul2d
                0x000000000800059c                __floatdidf
                0x000000000800059c                __aeabi_l2d
 .text          0x00000000080005f8      0x424 C:/ST/STM32CubeIDE_1.14.1/STM32CubeIDE/plugins/com.st.stm32cube.ide.mcu.externaltools.gnu-tools-for-stm32.11.3.rel1.win32_1.1.100.202309141235/tools/bin/../lib/gcc/arm-none-eabi/11.3.1/thumb/v7e-m+fp/hard\libgcc.a(_arm_muldivdf3.o)
                0x00000000080005f8                __aeabi_dmul
                0x00000000080005f8                __muldf3
                0x000000000800084c                __divdf3
                0x000000000800084c                __aeabi_ddiv
 .text          0x0000000008000a1c      0x110 C:/ST/STM32CubeIDE_1.14.1/STM32CubeIDE/plugins/com.st.stm32cube.ide.mcu.externaltools.gnu-tools-for-stm32.11.3.rel1.win32_1.1.100.202309141235/tools/bin/../lib/gcc/arm-none-eabi/11.3.1/thumb/v7e-m+fp/hard\libgcc.a(_arm_cmpdf2.o)
                0x0000000008000a1c                __gtdf2
                0x0000000008000a1c                __gedf2
                0x0000000008000a24                __ltdf2
                0x0000000008000a24                __ledf2
                0x0000000008000a2c                __nedf2
                0x0000000008000a2c                __eqdf2
                0x0000000008000a2c                __cmpdf2
                0x0000000008000aa8                __aeabi_cdrcmple
                0x0000000008000ab8                __aeabi_cdcmpeq
                0x0000000008000ab8                __aeabi_cdcmple
                0x0000000008000ac8                __aeabi_dcmpeq
                0x0000000008000adc                __aeabi_dcmplt
                0x0000000008000af0                __aeabi_dcmple
                0x0000000008000b04                __aeabi_dcmpge
                0x0000000008000b18                __aeabi_dcmpgt
 .text          0x0000000008000b2c       0x2c C:/ST/STM32CubeIDE_1.14.1/STM32CubeIDE/plugins/com.st.stm32cube.ide.mcu.externaltools.gnu-tools-for-stm32.11.3.rel1.win32_1.1.100.202309141235/tools/bin/../lib/gcc/arm-none-eabi/11.3.1/thumb/v7e-m+fp/hard\libgcc.a(_arm_unorddf2.o)
                0x0000000008000b2c                __unorddf2
                0x0000000008000b2c                __aeabi_dcmpun
 .text          0x0000000008000b58       0x50 C:/ST/STM32CubeIDE_1.14.1/STM32CubeIDE/plugins/com.st.stm32cube.ide.mcu.externaltools.gnu-tools-for-stm32.11.3.rel1.win32_1.1.100.202309141235/tools/bin/../lib/gcc/arm-none-eabi/11.3.1/thumb/v7e-m+fp/hard\libgcc.a(_arm_fixdfsi.o)
                0x0000000008000b58                __aeabi_d2iz
                0x0000000008000b58                __fixdfsi
 .text          0x0000000008000ba8       0x40 C:/ST/STM32CubeIDE_1.14.1/STM32CubeIDE/plugins/com.st.stm32cube.ide.mcu.externaltools.gnu-tools-for-stm32.11.3.rel1.win32_1.1.100.202309141235/tools/bin/../lib/gcc/arm-none-eabi/11.3.1/thumb/v7e-m+fp/hard\libgcc.a(_arm_fixunsdfsi.o)
                0x0000000008000ba8                __aeabi_d2uiz
                0x0000000008000ba8                __fixunsdfsi
 .text          0x0000000008000be8       0xa0 C:/ST/STM32CubeIDE_1.14.1/STM32CubeIDE/plugins/com.st.stm32cube.ide.mcu.externaltools.gnu-tools-for-stm32.11.3.rel1.win32_1.1.100.202309141235/tools/bin/../lib/gcc/arm-none-eabi/11.3.1/thumb/v7e-m+fp/hard\libgcc.a(_arm_truncdfsf2.o)
                0x0000000008000be8                __truncdfsf2
                0x0000000008000be8                __aeabi_d2f
 .text          0x0000000008000c88       0x30 C:/ST/STM32CubeIDE_1.14.1/STM32CubeIDE/plugins/com.st.stm32cube.ide.mcu.externaltools.gnu-tools-for-stm32.11.3.rel1.win32_1.1.100.202309141235/tools/bin/../lib/gcc/arm-none-eabi/11.3.1/thumb/v7e-m+fp/hard\libgcc.a(_fixdfdi.o)
                0x0000000008000c88                __fixdfdi
                0x0000000008000c88                __aeabi_d2lz
 .text          0x0000000008000cb8       0x3c C:/ST/STM32CubeIDE_1.14.1/STM32CubeIDE/plugins/com.st.stm32cube.ide.mcu.externaltools.gnu-tools-for-stm32.11.3.rel1.win32_1.1.100.202309141235/tools/bin/../lib/gcc/arm-none-eabi/11.3.1/thumb/v7e-m+fp/hard\libgcc.a(_fixunsdfdi.o)
                0x0000000008000cb8                __fixunsdfdi
                0x0000000008000cb8                __aeabi_d2ulz
 *(.text*)
 .text.MX_ADC1_Init
                0x0000000008000cf4       0xec ./Core/Src/adc.o
                0x0000000008000cf4                MX_ADC1_Init
 .text.HAL_ADC_MspInit
                0x0000000008000de0       0xd0 ./Core/Src/adc.o
                0x0000000008000de0                HAL_ADC_MspInit
 .text.BSP_I2C1_Init
                0x0000000008000eb0       0x7c ./Core/Src/custom_bus.o
                0x0000000008000eb0                BSP_I2C1_Init
 .text.BSP_I2C1_DeInit
                0x0000000008000f2c       0x50 ./Core/Src/custom_bus.o
                0x0000000008000f2c                BSP_I2C1_DeInit
 .text.BSP_I2C1_WriteReg
                0x0000000008000f7c       0x64 ./Core/Src/custom_bus.o
                0x0000000008000f7c                BSP_I2C1_WriteReg
 .text.BSP_I2C1_ReadReg
                0x0000000008000fe0       0x64 ./Core/Src/custom_bus.o
                0x0000000008000fe0                BSP_I2C1_ReadReg
 .text.BSP_GetTick
                0x0000000008001044        0xe ./Core/Src/custom_bus.o
                0x0000000008001044                BSP_GetTick
 *fill*         0x0000000008001052        0x2 
 .text.MX_I2C1_Init
                0x0000000008001054       0x88 ./Core/Src/custom_bus.o
                0x0000000008001054                MX_I2C1_Init
 .text.I2C1_MspInit
                0x00000000080010dc       0xc0 ./Core/Src/custom_bus.o
 .text.I2C1_MspDeInit
                0x000000000800119c       0x38 ./Core/Src/custom_bus.o
 .text.MX_GPIO_Init
                0x00000000080011d4      0x134 ./Core/Src/gpio.o
                0x00000000080011d4                MX_GPIO_Init
 .text.Delay    0x0000000008001308       0x24 ./Core/Src/lcd.o
                0x0000000008001308                Delay
 .text.lcd_delay
                0x000000000800132c        0xe ./Core/Src/lcd.o
                0x000000000800132c                lcd_delay
 *fill*         0x000000000800133a        0x2 
 .text.lcd_cmd  0x000000000800133c      0x198 ./Core/Src/lcd.o
                0x000000000800133c                lcd_cmd
 .text.lcd_char_cp
                0x00000000080014d4      0x19c ./Core/Src/lcd.o
                0x00000000080014d4                lcd_char_cp
 .text.lcd_out_cp
                0x0000000008001670       0x2e ./Core/Src/lcd.o
                0x0000000008001670                lcd_out_cp
 .text.lcd_init
                0x000000000800169e       0x7c ./Core/Src/lcd.o
                0x000000000800169e                lcd_init
 .text.lcd_gotoxy
                0x000000000800171a       0x44 ./Core/Src/lcd.o
                0x000000000800171a                lcd_gotoxy
 .text.lcd_char
                0x000000000800175e       0x2e ./Core/Src/lcd.o
                0x000000000800175e                lcd_char
 .text.lcd_print
                0x000000000800178c       0x30 ./Core/Src/lcd.o
                0x000000000800178c                lcd_print
 .text.lcd_clear
                0x00000000080017bc       0x14 ./Core/Src/lcd.o
                0x00000000080017bc                lcd_clear
 .text.adc_konwersja
                0x00000000080017d0       0x68 ./Core/Src/main.o
                0x00000000080017d0                adc_konwersja
 .text.zmiana_temp
                0x0000000008001838       0xe4 ./Core/Src/main.o
                0x0000000008001838                zmiana_temp
 .text.wyswietl_date
                0x000000000800191c       0xc8 ./Core/Src/main.o
                0x000000000800191c                wyswietl_date
 .text.wywolaj_funkcje
                0x00000000080019e4       0x58 ./Core/Src/main.o
                0x00000000080019e4                wywolaj_funkcje
 .text.menu_acykliczne
                0x0000000008001a3c       0xe8 ./Core/Src/main.o
                0x0000000008001a3c                menu_acykliczne
 .text.zmiana_mnoznika
                0x0000000008001b24       0xf8 ./Core/Src/main.o
                0x0000000008001b24                zmiana_mnoznika
 .text.lcd_create_custom_char
                0x0000000008001c1c       0x4e ./Core/Src/main.o
                0x0000000008001c1c                lcd_create_custom_char
 *fill*         0x0000000008001c6a        0x2 
 .text.edytowanie_godziny
                0x0000000008001c6c      0x120 ./Core/Src/main.o
                0x0000000008001c6c                edytowanie_godziny
 .text.edytowanie_minuty
                0x0000000008001d8c      0x120 ./Core/Src/main.o
                0x0000000008001d8c                edytowanie_minuty
 .text.edytowanie_dnia
                0x0000000008001eac      0x130 ./Core/Src/main.o
                0x0000000008001eac                edytowanie_dnia
 .text.edytowanie_miesiaca
                0x0000000008001fdc      0x130 ./Core/Src/main.o
                0x0000000008001fdc                edytowanie_miesiaca
 .text.edytowanie_roku
                0x000000000800210c      0x130 ./Core/Src/main.o
                0x000000000800210c                edytowanie_roku
 .text.konfiguracja_daty
                0x000000000800223c      0x1e4 ./Core/Src/main.o
                0x000000000800223c                konfiguracja_daty
 .text.wywolaj_menu
                0x0000000008002420      0x1e4 ./Core/Src/main.o
                0x0000000008002420                wywolaj_menu
 .text.wcisniety_przycisk
                0x0000000008002604       0x24 ./Core/Src/main.o
                0x0000000008002604                wcisniety_przycisk
 .text.konfiguracja_przyciskow
                0x0000000008002628      0x1a0 ./Core/Src/main.o
                0x0000000008002628                konfiguracja_przyciskow
 .text.main     0x00000000080027c8      0x1c8 ./Core/Src/main.o
                0x00000000080027c8                main
 .text.SystemClock_Config
                0x0000000008002990       0xa8 ./Core/Src/main.o
                0x0000000008002990                SystemClock_Config
 .text.HAL_GPIO_EXTI_Callback
                0x0000000008002a38       0x30 ./Core/Src/main.o
                0x0000000008002a38                HAL_GPIO_EXTI_Callback
 .text.Error_Handler
                0x0000000008002a68        0xa ./Core/Src/main.o
                0x0000000008002a68                Error_Handler
 *fill*         0x0000000008002a72        0x2 
 .text.MX_RTC_Init
                0x0000000008002a74       0x50 ./Core/Src/rtc.o
                0x0000000008002a74                MX_RTC_Init
 .text.HAL_RTC_MspInit
                0x0000000008002ac4       0x64 ./Core/Src/rtc.o
                0x0000000008002ac4                HAL_RTC_MspInit
 .text.HAL_MspInit
                0x0000000008002b28       0x48 ./Core/Src/stm32l4xx_hal_msp.o
                0x0000000008002b28                HAL_MspInit
 .text.NMI_Handler
                0x0000000008002b70        0x6 ./Core/Src/stm32l4xx_it.o
                0x0000000008002b70                NMI_Handler
 .text.HardFault_Handler
                0x0000000008002b76        0x6 ./Core/Src/stm32l4xx_it.o
                0x0000000008002b76                HardFault_Handler
 .text.MemManage_Handler
                0x0000000008002b7c        0x6 ./Core/Src/stm32l4xx_it.o
                0x0000000008002b7c                MemManage_Handler
 .text.BusFault_Handler
                0x0000000008002b82        0x6 ./Core/Src/stm32l4xx_it.o
                0x0000000008002b82                BusFault_Handler
 .text.UsageFault_Handler
                0x0000000008002b88        0x6 ./Core/Src/stm32l4xx_it.o
                0x0000000008002b88                UsageFault_Handler
 .text.SVC_Handler
                0x0000000008002b8e        0xe ./Core/Src/stm32l4xx_it.o
                0x0000000008002b8e                SVC_Handler
 .text.DebugMon_Handler
                0x0000000008002b9c        0xe ./Core/Src/stm32l4xx_it.o
                0x0000000008002b9c                DebugMon_Handler
 .text.PendSV_Handler
                0x0000000008002baa        0xe ./Core/Src/stm32l4xx_it.o
                0x0000000008002baa                PendSV_Handler
 .text.SysTick_Handler
                0x0000000008002bb8        0xc ./Core/Src/stm32l4xx_it.o
                0x0000000008002bb8                SysTick_Handler
 .text.EXTI15_10_IRQHandler
                0x0000000008002bc4       0x10 ./Core/Src/stm32l4xx_it.o
                0x0000000008002bc4                EXTI15_10_IRQHandler
 .text._getpid  0x0000000008002bd4       0x10 ./Core/Src/syscalls.o
                0x0000000008002bd4                _getpid
 .text._kill    0x0000000008002be4       0x20 ./Core/Src/syscalls.o
                0x0000000008002be4                _kill
 .text._exit    0x0000000008002c04       0x14 ./Core/Src/syscalls.o
                0x0000000008002c04                _exit
 .text._read    0x0000000008002c18       0x3a ./Core/Src/syscalls.o
                0x0000000008002c18                _read
 .text._write   0x0000000008002c52       0x38 ./Core/Src/syscalls.o
                0x0000000008002c52                _write
 .text._close   0x0000000008002c8a       0x18 ./Core/Src/syscalls.o
                0x0000000008002c8a                _close
 .text._fstat   0x0000000008002ca2       0x20 ./Core/Src/syscalls.o
                0x0000000008002ca2                _fstat
 .text._isatty  0x0000000008002cc2       0x16 ./Core/Src/syscalls.o
                0x0000000008002cc2                _isatty
 .text._lseek   0x0000000008002cd8       0x1a ./Core/Src/syscalls.o
                0x0000000008002cd8                _lseek
 *fill*         0x0000000008002cf2        0x2 
 .text._sbrk    0x0000000008002cf4       0x6c ./Core/Src/sysmem.o
                0x0000000008002cf4                _sbrk
 .text.SystemInit
                0x0000000008002d60       0x24 ./Core/Src/system_stm32l4xx.o
                0x0000000008002d60                SystemInit
 .text.Reset_Handler
                0x0000000008002d84       0x50 ./Core/Startup/startup_stm32l476rgtx.o
                0x0000000008002d84                Reset_Handler
 .text.Default_Handler
                0x0000000008002dd4        0x2 ./Core/Startup/startup_stm32l476rgtx.o
                0x0000000008002dd4                RTC_Alarm_IRQHandler
                0x0000000008002dd4                EXTI2_IRQHandler
                0x0000000008002dd4                TIM8_TRG_COM_IRQHandler
                0x0000000008002dd4                TIM8_CC_IRQHandler
                0x0000000008002dd4                TIM1_CC_IRQHandler
                0x0000000008002dd4                TSC_IRQHandler
                0x0000000008002dd4                TAMP_STAMP_IRQHandler
                0x0000000008002dd4                EXTI3_IRQHandler
                0x0000000008002dd4                LPTIM2_IRQHandler
                0x0000000008002dd4                DFSDM1_FLT1_IRQHandler
                0x0000000008002dd4                I2C3_ER_IRQHandler
                0x0000000008002dd4                DFSDM1_FLT2_IRQHandler
                0x0000000008002dd4                EXTI0_IRQHandler
                0x0000000008002dd4                I2C2_EV_IRQHandler
                0x0000000008002dd4                CAN1_RX0_IRQHandler
                0x0000000008002dd4                FPU_IRQHandler
                0x0000000008002dd4                TIM1_UP_TIM16_IRQHandler
                0x0000000008002dd4                ADC1_2_IRQHandler
                0x0000000008002dd4                SPI1_IRQHandler
                0x0000000008002dd4                TIM6_DAC_IRQHandler
                0x0000000008002dd4                TIM8_UP_IRQHandler
                0x0000000008002dd4                DMA2_Channel2_IRQHandler
                0x0000000008002dd4                DMA1_Channel4_IRQHandler
                0x0000000008002dd4                SAI2_IRQHandler
                0x0000000008002dd4                DFSDM1_FLT3_IRQHandler
                0x0000000008002dd4                USART3_IRQHandler
                0x0000000008002dd4                DMA1_Channel7_IRQHandler
                0x0000000008002dd4                CAN1_RX1_IRQHandler
                0x0000000008002dd4                LCD_IRQHandler
                0x0000000008002dd4                UART5_IRQHandler
                0x0000000008002dd4                ADC3_IRQHandler
                0x0000000008002dd4                TIM4_IRQHandler
                0x0000000008002dd4                DMA2_Channel1_IRQHandler
                0x0000000008002dd4                QUADSPI_IRQHandler
                0x0000000008002dd4                I2C1_EV_IRQHandler
                0x0000000008002dd4                DMA1_Channel6_IRQHandler
                0x0000000008002dd4                UART4_IRQHandler
                0x0000000008002dd4                DMA2_Channel4_IRQHandler
                0x0000000008002dd4                TIM3_IRQHandler
                0x0000000008002dd4                RCC_IRQHandler
                0x0000000008002dd4                DMA1_Channel1_IRQHandler
                0x0000000008002dd4                Default_Handler
                0x0000000008002dd4                DMA2_Channel7_IRQHandler
                0x0000000008002dd4                TIM7_IRQHandler
                0x0000000008002dd4                SDMMC1_IRQHandler
                0x0000000008002dd4                TIM5_IRQHandler
                0x0000000008002dd4                I2C3_EV_IRQHandler
                0x0000000008002dd4                EXTI9_5_IRQHandler
                0x0000000008002dd4                RTC_WKUP_IRQHandler
                0x0000000008002dd4                PVD_PVM_IRQHandler
                0x0000000008002dd4                SPI2_IRQHandler
                0x0000000008002dd4                CAN1_TX_IRQHandler
                0x0000000008002dd4                DMA2_Channel5_IRQHandler
                0x0000000008002dd4                DMA1_Channel5_IRQHandler
                0x0000000008002dd4                EXTI4_IRQHandler
                0x0000000008002dd4                RNG_IRQHandler
                0x0000000008002dd4                TIM1_TRG_COM_TIM17_IRQHandler
                0x0000000008002dd4                DMA1_Channel3_IRQHandler
                0x0000000008002dd4                COMP_IRQHandler
                0x0000000008002dd4                WWDG_IRQHandler
                0x0000000008002dd4                LPUART1_IRQHandler
                0x0000000008002dd4                DMA2_Channel6_IRQHandler
                0x0000000008002dd4                TIM2_IRQHandler
                0x0000000008002dd4                EXTI1_IRQHandler
                0x0000000008002dd4                USART2_IRQHandler
                0x0000000008002dd4                DFSDM1_FLT0_IRQHandler
                0x0000000008002dd4                I2C2_ER_IRQHandler
                0x0000000008002dd4                DMA1_Channel2_IRQHandler
                0x0000000008002dd4                TIM8_BRK_IRQHandler
                0x0000000008002dd4                CAN1_SCE_IRQHandler
                0x0000000008002dd4                FLASH_IRQHandler
                0x0000000008002dd4                USART1_IRQHandler
                0x0000000008002dd4                OTG_FS_IRQHandler
                0x0000000008002dd4                SPI3_IRQHandler
                0x0000000008002dd4                I2C1_ER_IRQHandler
                0x0000000008002dd4                FMC_IRQHandler
                0x0000000008002dd4                SWPMI1_IRQHandler
                0x0000000008002dd4                LPTIM1_IRQHandler
                0x0000000008002dd4                SAI1_IRQHandler
                0x0000000008002dd4                DMA2_Channel3_IRQHandler
                0x0000000008002dd4                TIM1_BRK_TIM15_IRQHandler
 *fill*         0x0000000008002dd6        0x2 
 .text.HTS221_RegisterBusIO
                0x0000000008002dd8       0x94 ./Drivers/BSP/Components/hts221/hts221.o
                0x0000000008002dd8                HTS221_RegisterBusIO
 .text.HTS221_Init
                0x0000000008002e6c       0x36 ./Drivers/BSP/Components/hts221/hts221.o
                0x0000000008002e6c                HTS221_Init
 .text.HTS221_DeInit
                0x0000000008002ea2       0x48 ./Drivers/BSP/Components/hts221/hts221.o
                0x0000000008002ea2                HTS221_DeInit
 .text.HTS221_ReadID
                0x0000000008002eea       0x2c ./Drivers/BSP/Components/hts221/hts221.o
                0x0000000008002eea                HTS221_ReadID
 *fill*         0x0000000008002f16        0x2 
 .text.HTS221_GetCapabilities
                0x0000000008002f18       0x58 ./Drivers/BSP/Components/hts221/hts221.o
                0x0000000008002f18                HTS221_GetCapabilities
 .text.HTS221_HUM_Enable
                0x0000000008002f70       0x4a ./Drivers/BSP/Components/hts221/hts221.o
                0x0000000008002f70                HTS221_HUM_Enable
 .text.HTS221_HUM_Disable
                0x0000000008002fba       0x4a ./Drivers/BSP/Components/hts221/hts221.o
                0x0000000008002fba                HTS221_HUM_Disable
 .text.HTS221_HUM_GetOutputDataRate
                0x0000000008003004       0x1c ./Drivers/BSP/Components/hts221/hts221.o
                0x0000000008003004                HTS221_HUM_GetOutputDataRate
 .text.HTS221_HUM_SetOutputDataRate
                0x0000000008003020       0x20 ./Drivers/BSP/Components/hts221/hts221.o
                0x0000000008003020                HTS221_HUM_SetOutputDataRate
 .text.HTS221_HUM_GetHumidity
                0x0000000008003040      0x110 ./Drivers/BSP/Components/hts221/hts221.o
                0x0000000008003040                HTS221_HUM_GetHumidity
 .text.HTS221_TEMP_Enable
                0x0000000008003150       0x4a ./Drivers/BSP/Components/hts221/hts221.o
                0x0000000008003150                HTS221_TEMP_Enable
 .text.HTS221_TEMP_Disable
                0x000000000800319a       0x4a ./Drivers/BSP/Components/hts221/hts221.o
                0x000000000800319a                HTS221_TEMP_Disable
 .text.HTS221_TEMP_GetOutputDataRate
                0x00000000080031e4       0x1c ./Drivers/BSP/Components/hts221/hts221.o
                0x00000000080031e4                HTS221_TEMP_GetOutputDataRate
 .text.HTS221_TEMP_SetOutputDataRate
                0x0000000008003200       0x20 ./Drivers/BSP/Components/hts221/hts221.o
                0x0000000008003200                HTS221_TEMP_SetOutputDataRate
 .text.HTS221_TEMP_GetTemperature
                0x0000000008003220       0xd4 ./Drivers/BSP/Components/hts221/hts221.o
                0x0000000008003220                HTS221_TEMP_GetTemperature
 .text.HTS221_GetOutputDataRate
                0x00000000080032f4       0x88 ./Drivers/BSP/Components/hts221/hts221.o
 .text.HTS221_SetOutputDataRate
                0x000000000800337c       0x60 ./Drivers/BSP/Components/hts221/hts221.o
 .text.HTS221_Initialize
                0x00000000080033dc       0x58 ./Drivers/BSP/Components/hts221/hts221.o
 .text.Linear_Interpolation
                0x0000000008003434       0x72 ./Drivers/BSP/Components/hts221/hts221.o
 .text.ReadRegWrap
                0x00000000080034a6       0x62 ./Drivers/BSP/Components/hts221/hts221.o
 .text.WriteRegWrap
                0x0000000008003508       0x62 ./Drivers/BSP/Components/hts221/hts221.o
 .text.hts221_read_reg
                0x000000000800356a       0x30 ./Drivers/BSP/Components/hts221/hts221_reg.o
                0x000000000800356a                hts221_read_reg
 .text.hts221_write_reg
                0x000000000800359a       0x30 ./Drivers/BSP/Components/hts221/hts221_reg.o
                0x000000000800359a                hts221_write_reg
 .text.hts221_data_rate_set
                0x00000000080035ca       0x4c ./Drivers/BSP/Components/hts221/hts221_reg.o
                0x00000000080035ca                hts221_data_rate_set
 *fill*         0x0000000008003616        0x2 
 .text.hts221_data_rate_get
                0x0000000008003618       0x70 ./Drivers/BSP/Components/hts221/hts221_reg.o
                0x0000000008003618                hts221_data_rate_get
 .text.hts221_block_data_update_set
                0x0000000008003688       0x4c ./Drivers/BSP/Components/hts221/hts221_reg.o
                0x0000000008003688                hts221_block_data_update_set
 .text.hts221_humidity_raw_get
                0x00000000080036d4       0x46 ./Drivers/BSP/Components/hts221/hts221_reg.o
                0x00000000080036d4                hts221_humidity_raw_get
 .text.hts221_temperature_raw_get
                0x000000000800371a       0x46 ./Drivers/BSP/Components/hts221/hts221_reg.o
                0x000000000800371a                hts221_temperature_raw_get
 .text.hts221_device_id_get
                0x0000000008003760       0x22 ./Drivers/BSP/Components/hts221/hts221_reg.o
                0x0000000008003760                hts221_device_id_get
 .text.hts221_power_on_set
                0x0000000008003782       0x4c ./Drivers/BSP/Components/hts221/hts221_reg.o
                0x0000000008003782                hts221_power_on_set
 .text.hts221_hum_rh_point_0_get
                0x00000000080037ce       0x3c ./Drivers/BSP/Components/hts221/hts221_reg.o
                0x00000000080037ce                hts221_hum_rh_point_0_get
 .text.hts221_hum_rh_point_1_get
                0x000000000800380a       0x3c ./Drivers/BSP/Components/hts221/hts221_reg.o
                0x000000000800380a                hts221_hum_rh_point_1_get
 .text.hts221_temp_deg_point_0_get
                0x0000000008003846       0x62 ./Drivers/BSP/Components/hts221/hts221_reg.o
                0x0000000008003846                hts221_temp_deg_point_0_get
 .text.hts221_temp_deg_point_1_get
                0x00000000080038a8       0x62 ./Drivers/BSP/Components/hts221/hts221_reg.o
                0x00000000080038a8                hts221_temp_deg_point_1_get
 .text.hts221_hum_adc_point_0_get
                0x000000000800390a       0x48 ./Drivers/BSP/Components/hts221/hts221_reg.o
                0x000000000800390a                hts221_hum_adc_point_0_get
 .text.hts221_hum_adc_point_1_get
                0x0000000008003952       0x48 ./Drivers/BSP/Components/hts221/hts221_reg.o
                0x0000000008003952                hts221_hum_adc_point_1_get
 .text.hts221_temp_adc_point_0_get
                0x000000000800399a       0x48 ./Drivers/BSP/Components/hts221/hts221_reg.o
                0x000000000800399a                hts221_temp_adc_point_0_get
 .text.hts221_temp_adc_point_1_get
                0x00000000080039e2       0x48 ./Drivers/BSP/Components/hts221/hts221_reg.o
                0x00000000080039e2                hts221_temp_adc_point_1_get
 *fill*         0x0000000008003a2a        0x2 
 .text.LIS2DW12_RegisterBusIO
                0x0000000008003a2c       0xd4 ./Drivers/BSP/Components/lis2dw12/lis2dw12.o
                0x0000000008003a2c                LIS2DW12_RegisterBusIO
 .text.LIS2DW12_Init
                0x0000000008003b00       0xc4 ./Drivers/BSP/Components/lis2dw12/lis2dw12.o
                0x0000000008003b00                LIS2DW12_Init
 .text.LIS2DW12_DeInit
                0x0000000008003bc4       0x44 ./Drivers/BSP/Components/lis2dw12/lis2dw12.o
                0x0000000008003bc4                LIS2DW12_DeInit
 .text.LIS2DW12_ReadID
                0x0000000008003c08       0x2c ./Drivers/BSP/Components/lis2dw12/lis2dw12.o
                0x0000000008003c08                LIS2DW12_ReadID
 .text.LIS2DW12_GetCapabilities
                0x0000000008003c34       0x5c ./Drivers/BSP/Components/lis2dw12/lis2dw12.o
                0x0000000008003c34                LIS2DW12_GetCapabilities
 .text.LIS2DW12_ACC_Enable
                0x0000000008003c90       0x52 ./Drivers/BSP/Components/lis2dw12/lis2dw12.o
                0x0000000008003c90                LIS2DW12_ACC_Enable
 .text.LIS2DW12_ACC_Disable
                0x0000000008003ce2       0x40 ./Drivers/BSP/Components/lis2dw12/lis2dw12.o
                0x0000000008003ce2                LIS2DW12_ACC_Disable
 *fill*         0x0000000008003d22        0x2 
 .text.LIS2DW12_ACC_GetSensitivity
                0x0000000008003d24      0x150 ./Drivers/BSP/Components/lis2dw12/lis2dw12.o
                0x0000000008003d24                LIS2DW12_ACC_GetSensitivity
 .text.LIS2DW12_ACC_GetOutputDataRate
                0x0000000008003e74      0x2fc ./Drivers/BSP/Components/lis2dw12/lis2dw12.o
                0x0000000008003e74                LIS2DW12_ACC_GetOutputDataRate
 .text.LIS2DW12_ACC_SetOutputDataRate
                0x0000000008004170       0x24 ./Drivers/BSP/Components/lis2dw12/lis2dw12.o
                0x0000000008004170                LIS2DW12_ACC_SetOutputDataRate
 .text.LIS2DW12_ACC_SetOutputDataRate_With_Mode
                0x0000000008004194       0x4c ./Drivers/BSP/Components/lis2dw12/lis2dw12.o
                0x0000000008004194                LIS2DW12_ACC_SetOutputDataRate_With_Mode
 .text.LIS2DW12_ACC_GetFullScale
                0x00000000080041e0       0x84 ./Drivers/BSP/Components/lis2dw12/lis2dw12.o
                0x00000000080041e0                LIS2DW12_ACC_GetFullScale
 .text.LIS2DW12_ACC_SetFullScale
                0x0000000008004264       0x50 ./Drivers/BSP/Components/lis2dw12/lis2dw12.o
                0x0000000008004264                LIS2DW12_ACC_SetFullScale
 .text.LIS2DW12_ACC_GetAxesRaw
                0x00000000080042b4      0x104 ./Drivers/BSP/Components/lis2dw12/lis2dw12.o
                0x00000000080042b4                LIS2DW12_ACC_GetAxesRaw
 .text.LIS2DW12_ACC_GetAxes
                0x00000000080043b8       0xaa ./Drivers/BSP/Components/lis2dw12/lis2dw12.o
                0x00000000080043b8                LIS2DW12_ACC_GetAxes
 .text.LIS2DW12_Write_Reg
                0x0000000008004462       0x36 ./Drivers/BSP/Components/lis2dw12/lis2dw12.o
                0x0000000008004462                LIS2DW12_Write_Reg
 .text.LIS2DW12_ACC_SetOutputDataRate_When_Enabled
                0x0000000008004498      0x238 ./Drivers/BSP/Components/lis2dw12/lis2dw12.o
 .text.LIS2DW12_ACC_SetOutputDataRate_When_Disabled
                0x00000000080046d0      0x124 ./Drivers/BSP/Components/lis2dw12/lis2dw12.o
 .text.ReadRegWrap
                0x00000000080047f4       0x36 ./Drivers/BSP/Components/lis2dw12/lis2dw12.o
 .text.WriteRegWrap
                0x000000000800482a       0x36 ./Drivers/BSP/Components/lis2dw12/lis2dw12.o
 .text.lis2dw12_read_reg
                0x0000000008004860       0x30 ./Drivers/BSP/Components/lis2dw12/lis2dw12_reg.o
                0x0000000008004860                lis2dw12_read_reg
 .text.lis2dw12_write_reg
                0x0000000008004890       0x30 ./Drivers/BSP/Components/lis2dw12/lis2dw12_reg.o
                0x0000000008004890                lis2dw12_write_reg
 .text.lis2dw12_power_mode_set
                0x00000000080048c0       0x9c ./Drivers/BSP/Components/lis2dw12/lis2dw12_reg.o
                0x00000000080048c0                lis2dw12_power_mode_set
 .text.lis2dw12_power_mode_get
                0x000000000800495c      0x174 ./Drivers/BSP/Components/lis2dw12/lis2dw12_reg.o
                0x000000000800495c                lis2dw12_power_mode_get
 .text.lis2dw12_data_rate_set
                0x0000000008004ad0       0x8a ./Drivers/BSP/Components/lis2dw12/lis2dw12_reg.o
                0x0000000008004ad0                lis2dw12_data_rate_set
 *fill*         0x0000000008004b5a        0x2 
 .text.lis2dw12_data_rate_get
                0x0000000008004b5c      0x194 ./Drivers/BSP/Components/lis2dw12/lis2dw12_reg.o
                0x0000000008004b5c                lis2dw12_data_rate_get
 .text.lis2dw12_block_data_update_set
                0x0000000008004cf0       0x4c ./Drivers/BSP/Components/lis2dw12/lis2dw12_reg.o
                0x0000000008004cf0                lis2dw12_block_data_update_set
 .text.lis2dw12_full_scale_set
                0x0000000008004d3c       0x4c ./Drivers/BSP/Components/lis2dw12/lis2dw12_reg.o
                0x0000000008004d3c                lis2dw12_full_scale_set
 .text.lis2dw12_full_scale_get
                0x0000000008004d88       0x70 ./Drivers/BSP/Components/lis2dw12/lis2dw12_reg.o
                0x0000000008004d88                lis2dw12_full_scale_get
 .text.lis2dw12_acceleration_raw_get
                0x0000000008004df8       0x96 ./Drivers/BSP/Components/lis2dw12/lis2dw12_reg.o
                0x0000000008004df8                lis2dw12_acceleration_raw_get
 .text.lis2dw12_device_id_get
                0x0000000008004e8e       0x22 ./Drivers/BSP/Components/lis2dw12/lis2dw12_reg.o
                0x0000000008004e8e                lis2dw12_device_id_get
 .text.lis2dw12_auto_increment_set
                0x0000000008004eb0       0x4c ./Drivers/BSP/Components/lis2dw12/lis2dw12_reg.o
                0x0000000008004eb0                lis2dw12_auto_increment_set
 .text.lis2dw12_fifo_mode_set
                0x0000000008004efc       0x4c ./Drivers/BSP/Components/lis2dw12/lis2dw12_reg.o
                0x0000000008004efc                lis2dw12_fifo_mode_set
 .text.LIS2MDL_RegisterBusIO
                0x0000000008004f48      0x100 ./Drivers/BSP/Components/lis2mdl/lis2mdl.o
                0x0000000008004f48                LIS2MDL_RegisterBusIO
 .text.LIS2MDL_Init
                0x0000000008005048      0x10c ./Drivers/BSP/Components/lis2mdl/lis2mdl.o
                0x0000000008005048                LIS2MDL_Init
 .text.LIS2MDL_DeInit
                0x0000000008005154       0x2c ./Drivers/BSP/Components/lis2mdl/lis2mdl.o
                0x0000000008005154                LIS2MDL_DeInit
 .text.LIS2MDL_ReadID
                0x0000000008005180       0x4c ./Drivers/BSP/Components/lis2mdl/lis2mdl.o
                0x0000000008005180                LIS2MDL_ReadID
 .text.LIS2MDL_GetCapabilities
                0x00000000080051cc       0x5c ./Drivers/BSP/Components/lis2mdl/lis2mdl.o
                0x00000000080051cc                LIS2MDL_GetCapabilities
 .text.LIS2MDL_MAG_Enable
                0x0000000008005228       0x84 ./Drivers/BSP/Components/lis2mdl/lis2mdl.o
                0x0000000008005228                LIS2MDL_MAG_Enable
 .text.LIS2MDL_MAG_Disable
                0x00000000080052ac       0x86 ./Drivers/BSP/Components/lis2mdl/lis2mdl.o
                0x00000000080052ac                LIS2MDL_MAG_Disable
 .text.LIS2MDL_MAG_GetSensitivity
                0x0000000008005332       0x20 ./Drivers/BSP/Components/lis2mdl/lis2mdl.o
                0x0000000008005332                LIS2MDL_MAG_GetSensitivity
 *fill*         0x0000000008005352        0x2 
 .text.LIS2MDL_MAG_GetOutputDataRate
                0x0000000008005354       0x8c ./Drivers/BSP/Components/lis2mdl/lis2mdl.o
                0x0000000008005354                LIS2MDL_MAG_GetOutputDataRate
 .text.LIS2MDL_MAG_SetOutputDataRate
                0x00000000080053e0       0xc8 ./Drivers/BSP/Components/lis2mdl/lis2mdl.o
                0x00000000080053e0                LIS2MDL_MAG_SetOutputDataRate
 .text.LIS2MDL_MAG_GetFullScale
                0x00000000080054a8       0x1e ./Drivers/BSP/Components/lis2mdl/lis2mdl.o
                0x00000000080054a8                LIS2MDL_MAG_GetFullScale
 .text.LIS2MDL_MAG_SetFullScale
                0x00000000080054c6       0x18 ./Drivers/BSP/Components/lis2mdl/lis2mdl.o
                0x00000000080054c6                LIS2MDL_MAG_SetFullScale
 .text.LIS2MDL_MAG_GetAxesRaw
                0x00000000080054de       0x48 ./Drivers/BSP/Components/lis2mdl/lis2mdl.o
                0x00000000080054de                LIS2MDL_MAG_GetAxesRaw
 .text.LIS2MDL_MAG_GetAxes
                0x0000000008005526      0x114 ./Drivers/BSP/Components/lis2mdl/lis2mdl.o
                0x0000000008005526                LIS2MDL_MAG_GetAxes
 .text.LIS2MDL_Write_Reg
                0x000000000800563a       0x56 ./Drivers/BSP/Components/lis2mdl/lis2mdl.o
                0x000000000800563a                LIS2MDL_Write_Reg
 .text.ReadMagRegWrap
                0x0000000008005690       0x82 ./Drivers/BSP/Components/lis2mdl/lis2mdl.o
 .text.WriteMagRegWrap
                0x0000000008005712       0x82 ./Drivers/BSP/Components/lis2mdl/lis2mdl.o
 .text.LSM6DSOX_SENSORHUB_LIS2MDL_ReadShData
                0x0000000008005794      0x27e ./Drivers/BSP/Components/lis2mdl/lis2mdl.o
 .text.LSM6DSOX_SENSORHUB_LIS2MDL_WriteShData
                0x0000000008005a12      0x23c ./Drivers/BSP/Components/lis2mdl/lis2mdl.o
 .text.lis2mdl_read_reg
                0x0000000008005c4e       0x30 ./Drivers/BSP/Components/lis2mdl/lis2mdl_reg.o
                0x0000000008005c4e                lis2mdl_read_reg
 .text.lis2mdl_write_reg
                0x0000000008005c7e       0x30 ./Drivers/BSP/Components/lis2mdl/lis2mdl_reg.o
                0x0000000008005c7e                lis2mdl_write_reg
 .text.lis2mdl_operating_mode_set
                0x0000000008005cae       0x4c ./Drivers/BSP/Components/lis2mdl/lis2mdl_reg.o
                0x0000000008005cae                lis2mdl_operating_mode_set
 .text.lis2mdl_data_rate_set
                0x0000000008005cfa       0x4c ./Drivers/BSP/Components/lis2mdl/lis2mdl_reg.o
                0x0000000008005cfa                lis2mdl_data_rate_set
 *fill*         0x0000000008005d46        0x2 
 .text.lis2mdl_data_rate_get
                0x0000000008005d48       0x70 ./Drivers/BSP/Components/lis2mdl/lis2mdl_reg.o
                0x0000000008005d48                lis2mdl_data_rate_get
 .text.lis2mdl_block_data_update_set
                0x0000000008005db8       0x4c ./Drivers/BSP/Components/lis2mdl/lis2mdl_reg.o
                0x0000000008005db8                lis2mdl_block_data_update_set
 .text.lis2mdl_magnetic_raw_get
                0x0000000008005e04       0x96 ./Drivers/BSP/Components/lis2mdl/lis2mdl_reg.o
                0x0000000008005e04                lis2mdl_magnetic_raw_get
 .text.lis2mdl_device_id_get
                0x0000000008005e9a       0x22 ./Drivers/BSP/Components/lis2mdl/lis2mdl_reg.o
                0x0000000008005e9a                lis2mdl_device_id_get
 .text.lis2mdl_self_test_set
                0x0000000008005ebc       0x4c ./Drivers/BSP/Components/lis2mdl/lis2mdl_reg.o
                0x0000000008005ebc                lis2mdl_self_test_set
 .text.lis2mdl_i2c_interface_set
                0x0000000008005f08       0x4c ./Drivers/BSP/Components/lis2mdl/lis2mdl_reg.o
                0x0000000008005f08                lis2mdl_i2c_interface_set
 .text.LPS22HH_RegisterBusIO
                0x0000000008005f54       0xd4 ./Drivers/BSP/Components/lps22hh/lps22hh.o
                0x0000000008005f54                LPS22HH_RegisterBusIO
 .text.LPS22HH_Init
                0x0000000008006028       0x36 ./Drivers/BSP/Components/lps22hh/lps22hh.o
                0x0000000008006028                LPS22HH_Init
 .text.LPS22HH_DeInit
                0x000000000800605e       0x48 ./Drivers/BSP/Components/lps22hh/lps22hh.o
                0x000000000800605e                LPS22HH_DeInit
 .text.LPS22HH_ReadID
                0x00000000080060a6       0x2c ./Drivers/BSP/Components/lps22hh/lps22hh.o
                0x00000000080060a6                LPS22HH_ReadID
 *fill*         0x00000000080060d2        0x2 
 .text.LPS22HH_GetCapabilities
                0x00000000080060d4       0x58 ./Drivers/BSP/Components/lps22hh/lps22hh.o
                0x00000000080060d4                LPS22HH_GetCapabilities
 .text.LPS22HH_PRESS_Enable
                0x000000000800612c       0x48 ./Drivers/BSP/Components/lps22hh/lps22hh.o
                0x000000000800612c                LPS22HH_PRESS_Enable
 .text.LPS22HH_PRESS_Disable
                0x0000000008006174       0x68 ./Drivers/BSP/Components/lps22hh/lps22hh.o
                0x0000000008006174                LPS22HH_PRESS_Disable
 .text.LPS22HH_PRESS_GetOutputDataRate
                0x00000000080061dc       0x1c ./Drivers/BSP/Components/lps22hh/lps22hh.o
                0x00000000080061dc                LPS22HH_PRESS_GetOutputDataRate
 .text.LPS22HH_PRESS_SetOutputDataRate
                0x00000000080061f8       0x38 ./Drivers/BSP/Components/lps22hh/lps22hh.o
                0x00000000080061f8                LPS22HH_PRESS_SetOutputDataRate
 .text.LPS22HH_PRESS_GetPressure
                0x0000000008006230       0x50 ./Drivers/BSP/Components/lps22hh/lps22hh.o
                0x0000000008006230                LPS22HH_PRESS_GetPressure
 .text.LPS22HH_TEMP_Enable
                0x0000000008006280       0x48 ./Drivers/BSP/Components/lps22hh/lps22hh.o
                0x0000000008006280                LPS22HH_TEMP_Enable
 .text.LPS22HH_TEMP_Disable
                0x00000000080062c8       0x68 ./Drivers/BSP/Components/lps22hh/lps22hh.o
                0x00000000080062c8                LPS22HH_TEMP_Disable
 .text.LPS22HH_TEMP_GetOutputDataRate
                0x0000000008006330       0x1c ./Drivers/BSP/Components/lps22hh/lps22hh.o
                0x0000000008006330                LPS22HH_TEMP_GetOutputDataRate
 .text.LPS22HH_TEMP_SetOutputDataRate
                0x000000000800634c       0x38 ./Drivers/BSP/Components/lps22hh/lps22hh.o
                0x000000000800634c                LPS22HH_TEMP_SetOutputDataRate
 .text.LPS22HH_TEMP_GetTemperature
                0x0000000008006384       0x52 ./Drivers/BSP/Components/lps22hh/lps22hh.o
                0x0000000008006384                LPS22HH_TEMP_GetTemperature
 .text.LPS22HH_Write_Reg
                0x00000000080063d6       0x36 ./Drivers/BSP/Components/lps22hh/lps22hh.o
                0x00000000080063d6                LPS22HH_Write_Reg
 .text.LPS22HH_GetOutputDataRate
                0x000000000800640c       0xc8 ./Drivers/BSP/Components/lps22hh/lps22hh.o
 .text.LPS22HH_SetOutputDataRate_When_Enabled
                0x00000000080064d4       0xe4 ./Drivers/BSP/Components/lps22hh/lps22hh.o
 .text.LPS22HH_SetOutputDataRate_When_Disabled
                0x00000000080065b8       0xb4 ./Drivers/BSP/Components/lps22hh/lps22hh.o
 .text.LPS22HH_Initialize
                0x000000000800666c       0x9a ./Drivers/BSP/Components/lps22hh/lps22hh.o
 .text.ReadRegWrap
                0x0000000008006706       0x36 ./Drivers/BSP/Components/lps22hh/lps22hh.o
 .text.WriteRegWrap
                0x000000000800673c       0x36 ./Drivers/BSP/Components/lps22hh/lps22hh.o
 .text.lps22hh_read_reg
                0x0000000008006772       0x30 ./Drivers/BSP/Components/lps22hh/lps22hh_reg.o
                0x0000000008006772                lps22hh_read_reg
 .text.lps22hh_write_reg
                0x00000000080067a2       0x30 ./Drivers/BSP/Components/lps22hh/lps22hh_reg.o
                0x00000000080067a2                lps22hh_write_reg
 *fill*         0x00000000080067d2        0x2 
 .text.lps22hh_from_lsb_to_hpa
                0x00000000080067d4       0x30 ./Drivers/BSP/Components/lps22hh/lps22hh_reg.o
                0x00000000080067d4                lps22hh_from_lsb_to_hpa
 .text.lps22hh_from_lsb_to_celsius
                0x0000000008006804       0x34 ./Drivers/BSP/Components/lps22hh/lps22hh_reg.o
                0x0000000008006804                lps22hh_from_lsb_to_celsius
 .text.lps22hh_block_data_update_set
                0x0000000008006838       0x4c ./Drivers/BSP/Components/lps22hh/lps22hh_reg.o
                0x0000000008006838                lps22hh_block_data_update_set
 .text.lps22hh_data_rate_set
                0x0000000008006884       0x9c ./Drivers/BSP/Components/lps22hh/lps22hh_reg.o
                0x0000000008006884                lps22hh_data_rate_set
 .text.lps22hh_data_rate_get
                0x0000000008006920      0x150 ./Drivers/BSP/Components/lps22hh/lps22hh_reg.o
                0x0000000008006920                lps22hh_data_rate_get
 .text.lps22hh_pressure_raw_get
                0x0000000008006a70       0x52 ./Drivers/BSP/Components/lps22hh/lps22hh_reg.o
                0x0000000008006a70                lps22hh_pressure_raw_get
 .text.lps22hh_temperature_raw_get
                0x0000000008006ac2       0x46 ./Drivers/BSP/Components/lps22hh/lps22hh_reg.o
                0x0000000008006ac2                lps22hh_temperature_raw_get
 .text.lps22hh_device_id_get
                0x0000000008006b08       0x22 ./Drivers/BSP/Components/lps22hh/lps22hh_reg.o
                0x0000000008006b08                lps22hh_device_id_get
 .text.lps22hh_auto_increment_set
                0x0000000008006b2a       0x4c ./Drivers/BSP/Components/lps22hh/lps22hh_reg.o
                0x0000000008006b2a                lps22hh_auto_increment_set
 .text.lps22hh_lp_bandwidth_set
                0x0000000008006b76       0x4c ./Drivers/BSP/Components/lps22hh/lps22hh_reg.o
                0x0000000008006b76                lps22hh_lp_bandwidth_set
 .text.lps22hh_i3c_interface_set
                0x0000000008006bc2       0x5e ./Drivers/BSP/Components/lps22hh/lps22hh_reg.o
                0x0000000008006bc2                lps22hh_i3c_interface_set
 .text.LSM6DSO_RegisterBusIO
                0x0000000008006c20       0xd4 ./Drivers/BSP/Components/lsm6dso/lsm6dso.o
                0x0000000008006c20                LSM6DSO_RegisterBusIO
 .text.LSM6DSO_Init
                0x0000000008006cf4       0xf2 ./Drivers/BSP/Components/lsm6dso/lsm6dso.o
                0x0000000008006cf4                LSM6DSO_Init
 .text.LSM6DSO_DeInit
                0x0000000008006de6       0x4e ./Drivers/BSP/Components/lsm6dso/lsm6dso.o
                0x0000000008006de6                LSM6DSO_DeInit
 .text.LSM6DSO_ReadID
                0x0000000008006e34       0x2c ./Drivers/BSP/Components/lsm6dso/lsm6dso.o
                0x0000000008006e34                LSM6DSO_ReadID
 .text.LSM6DSO_GetCapabilities
                0x0000000008006e60       0x5c ./Drivers/BSP/Components/lsm6dso/lsm6dso.o
                0x0000000008006e60                LSM6DSO_GetCapabilities
 .text.LSM6DSO_ACC_Enable
                0x0000000008006ebc       0x48 ./Drivers/BSP/Components/lsm6dso/lsm6dso.o
                0x0000000008006ebc                LSM6DSO_ACC_Enable
 .text.LSM6DSO_ACC_Disable
                0x0000000008006f04       0x5e ./Drivers/BSP/Components/lsm6dso/lsm6dso.o
                0x0000000008006f04                LSM6DSO_ACC_Disable
 *fill*         0x0000000008006f62        0x2 
 .text.LSM6DSO_ACC_GetSensitivity
                0x0000000008006f64       0x8c ./Drivers/BSP/Components/lsm6dso/lsm6dso.o
                0x0000000008006f64                LSM6DSO_ACC_GetSensitivity
 .text.LSM6DSO_ACC_GetOutputDataRate
                0x0000000008006ff0      0x108 ./Drivers/BSP/Components/lsm6dso/lsm6dso.o
                0x0000000008006ff0                LSM6DSO_ACC_GetOutputDataRate
 .text.LSM6DSO_ACC_SetOutputDataRate
                0x00000000080070f8       0x22 ./Drivers/BSP/Components/lsm6dso/lsm6dso.o
                0x00000000080070f8                LSM6DSO_ACC_SetOutputDataRate
 *fill*         0x000000000800711a        0x2 
 .text.LSM6DSO_ACC_SetOutputDataRate_With_Mode
                0x000000000800711c      0x33c ./Drivers/BSP/Components/lsm6dso/lsm6dso.o
                0x000000000800711c                LSM6DSO_ACC_SetOutputDataRate_With_Mode
 .text.LSM6DSO_ACC_GetFullScale
                0x0000000008007458       0x7c ./Drivers/BSP/Components/lsm6dso/lsm6dso.o
                0x0000000008007458                LSM6DSO_ACC_GetFullScale
 .text.LSM6DSO_ACC_SetFullScale
                0x00000000080074d4       0x50 ./Drivers/BSP/Components/lsm6dso/lsm6dso.o
                0x00000000080074d4                LSM6DSO_ACC_SetFullScale
 .text.LSM6DSO_ACC_GetAxesRaw
                0x0000000008007524       0x48 ./Drivers/BSP/Components/lsm6dso/lsm6dso.o
                0x0000000008007524                LSM6DSO_ACC_GetAxesRaw
 .text.LSM6DSO_ACC_GetAxes
                0x000000000800756c       0xae ./Drivers/BSP/Components/lsm6dso/lsm6dso.o
                0x000000000800756c                LSM6DSO_ACC_GetAxes
 .text.LSM6DSO_GYRO_Enable
                0x000000000800761a       0x48 ./Drivers/BSP/Components/lsm6dso/lsm6dso.o
                0x000000000800761a                LSM6DSO_GYRO_Enable
 .text.LSM6DSO_GYRO_Disable
                0x0000000008007662       0x5e ./Drivers/BSP/Components/lsm6dso/lsm6dso.o
                0x0000000008007662                LSM6DSO_GYRO_Disable
 .text.LSM6DSO_GYRO_GetSensitivity
                0x00000000080076c0       0xa4 ./Drivers/BSP/Components/lsm6dso/lsm6dso.o
                0x00000000080076c0                LSM6DSO_GYRO_GetSensitivity
 .text.LSM6DSO_GYRO_GetOutputDataRate
                0x0000000008007764       0xf8 ./Drivers/BSP/Components/lsm6dso/lsm6dso.o
                0x0000000008007764                LSM6DSO_GYRO_GetOutputDataRate
 .text.LSM6DSO_GYRO_SetOutputDataRate
                0x000000000800785c       0x22 ./Drivers/BSP/Components/lsm6dso/lsm6dso.o
                0x000000000800785c                LSM6DSO_GYRO_SetOutputDataRate
 *fill*         0x000000000800787e        0x2 
 .text.LSM6DSO_GYRO_SetOutputDataRate_With_Mode
                0x0000000008007880      0x12c ./Drivers/BSP/Components/lsm6dso/lsm6dso.o
                0x0000000008007880                LSM6DSO_GYRO_SetOutputDataRate_With_Mode
 .text.LSM6DSO_GYRO_GetFullScale
                0x00000000080079ac       0x94 ./Drivers/BSP/Components/lsm6dso/lsm6dso.o
                0x00000000080079ac                LSM6DSO_GYRO_GetFullScale
 .text.LSM6DSO_GYRO_SetFullScale
                0x0000000008007a40       0x5e ./Drivers/BSP/Components/lsm6dso/lsm6dso.o
                0x0000000008007a40                LSM6DSO_GYRO_SetFullScale
 .text.LSM6DSO_GYRO_GetAxesRaw
                0x0000000008007a9e       0x48 ./Drivers/BSP/Components/lsm6dso/lsm6dso.o
                0x0000000008007a9e                LSM6DSO_GYRO_GetAxesRaw
 .text.LSM6DSO_GYRO_GetAxes
                0x0000000008007ae6       0xa8 ./Drivers/BSP/Components/lsm6dso/lsm6dso.o
                0x0000000008007ae6                LSM6DSO_GYRO_GetAxes
 .text.LSM6DSO_Write_Reg
                0x0000000008007b8e       0x36 ./Drivers/BSP/Components/lsm6dso/lsm6dso.o
                0x0000000008007b8e                LSM6DSO_Write_Reg
 .text.LSM6DSO_ACC_SetOutputDataRate_When_Enabled
                0x0000000008007bc4      0x130 ./Drivers/BSP/Components/lsm6dso/lsm6dso.o
 .text.LSM6DSO_ACC_SetOutputDataRate_When_Disabled
                0x0000000008007cf4      0x120 ./Drivers/BSP/Components/lsm6dso/lsm6dso.o
 .text.LSM6DSO_GYRO_SetOutputDataRate_When_Enabled
                0x0000000008007e14      0x118 ./Drivers/BSP/Components/lsm6dso/lsm6dso.o
 .text.LSM6DSO_GYRO_SetOutputDataRate_When_Disabled
                0x0000000008007f2c      0x104 ./Drivers/BSP/Components/lsm6dso/lsm6dso.o
 .text.ReadRegWrap
                0x0000000008008030       0x36 ./Drivers/BSP/Components/lsm6dso/lsm6dso.o
 .text.WriteRegWrap
                0x0000000008008066       0x36 ./Drivers/BSP/Components/lsm6dso/lsm6dso.o
 .text.lsm6dso_read_reg
                0x000000000800809c       0x30 ./Drivers/BSP/Components/lsm6dso/lsm6dso_reg.o
                0x000000000800809c                lsm6dso_read_reg
 .text.lsm6dso_write_reg
                0x00000000080080cc       0x30 ./Drivers/BSP/Components/lsm6dso/lsm6dso_reg.o
                0x00000000080080cc                lsm6dso_write_reg
 .text.lsm6dso_xl_full_scale_set
                0x00000000080080fc       0x4c ./Drivers/BSP/Components/lsm6dso/lsm6dso_reg.o
                0x00000000080080fc                lsm6dso_xl_full_scale_set
 .text.lsm6dso_xl_full_scale_get
                0x0000000008008148       0x70 ./Drivers/BSP/Components/lsm6dso/lsm6dso_reg.o
                0x0000000008008148                lsm6dso_xl_full_scale_get
 .text.lsm6dso_xl_data_rate_set
                0x00000000080081b8      0x1f4 ./Drivers/BSP/Components/lsm6dso/lsm6dso_reg.o
                0x00000000080081b8                lsm6dso_xl_data_rate_set
 .text.lsm6dso_xl_data_rate_get
                0x00000000080083ac       0xd0 ./Drivers/BSP/Components/lsm6dso/lsm6dso_reg.o
                0x00000000080083ac                lsm6dso_xl_data_rate_get
 .text.lsm6dso_gy_full_scale_set
                0x000000000800847c       0x4c ./Drivers/BSP/Components/lsm6dso/lsm6dso_reg.o
                0x000000000800847c                lsm6dso_gy_full_scale_set
 .text.lsm6dso_gy_full_scale_get
                0x00000000080084c8       0x84 ./Drivers/BSP/Components/lsm6dso/lsm6dso_reg.o
                0x00000000080084c8                lsm6dso_gy_full_scale_get
 .text.lsm6dso_gy_data_rate_set
                0x000000000800854c      0x1f4 ./Drivers/BSP/Components/lsm6dso/lsm6dso_reg.o
                0x000000000800854c                lsm6dso_gy_data_rate_set
 .text.lsm6dso_gy_data_rate_get
                0x0000000008008740       0xc4 ./Drivers/BSP/Components/lsm6dso/lsm6dso_reg.o
                0x0000000008008740                lsm6dso_gy_data_rate_get
 .text.lsm6dso_block_data_update_set
                0x0000000008008804       0x4c ./Drivers/BSP/Components/lsm6dso/lsm6dso_reg.o
                0x0000000008008804                lsm6dso_block_data_update_set
 .text.lsm6dso_angular_rate_raw_get
                0x0000000008008850       0x96 ./Drivers/BSP/Components/lsm6dso/lsm6dso_reg.o
                0x0000000008008850                lsm6dso_angular_rate_raw_get
 .text.lsm6dso_acceleration_raw_get
                0x00000000080088e6       0x96 ./Drivers/BSP/Components/lsm6dso/lsm6dso_reg.o
                0x00000000080088e6                lsm6dso_acceleration_raw_get
 .text.lsm6dso_mem_bank_set
                0x000000000800897c       0x3a ./Drivers/BSP/Components/lsm6dso/lsm6dso_reg.o
                0x000000000800897c                lsm6dso_mem_bank_set
 .text.lsm6dso_device_id_get
                0x00000000080089b6       0x22 ./Drivers/BSP/Components/lsm6dso/lsm6dso_reg.o
                0x00000000080089b6                lsm6dso_device_id_get
 .text.lsm6dso_auto_increment_set
                0x00000000080089d8       0x4c ./Drivers/BSP/Components/lsm6dso/lsm6dso_reg.o
                0x00000000080089d8                lsm6dso_auto_increment_set
 .text.lsm6dso_i3c_disable_set
                0x0000000008008a24       0x90 ./Drivers/BSP/Components/lsm6dso/lsm6dso_reg.o
                0x0000000008008a24                lsm6dso_i3c_disable_set
 .text.lsm6dso_fifo_mode_set
                0x0000000008008ab4       0x4c ./Drivers/BSP/Components/lsm6dso/lsm6dso_reg.o
                0x0000000008008ab4                lsm6dso_fifo_mode_set
 .text.lsm6dso_fsm_enable_get
                0x0000000008008b00       0x42 ./Drivers/BSP/Components/lsm6dso/lsm6dso_reg.o
                0x0000000008008b00                lsm6dso_fsm_enable_get
 *fill*         0x0000000008008b42        0x2 
 .text.lsm6dso_fsm_data_rate_get
                0x0000000008008b44       0x9c ./Drivers/BSP/Components/lsm6dso/lsm6dso_reg.o
                0x0000000008008b44                lsm6dso_fsm_data_rate_get
 .text.STTS751_RegisterBusIO
                0x0000000008008be0       0x94 ./Drivers/BSP/Components/stts751/stts751.o
                0x0000000008008be0                STTS751_RegisterBusIO
 .text.STTS751_Init
                0x0000000008008c74       0x74 ./Drivers/BSP/Components/stts751/stts751.o
                0x0000000008008c74                STTS751_Init
 .text.STTS751_DeInit
                0x0000000008008ce8       0x36 ./Drivers/BSP/Components/stts751/stts751.o
                0x0000000008008ce8                STTS751_DeInit
 .text.STTS751_ReadID
                0x0000000008008d1e       0x36 ./Drivers/BSP/Components/stts751/stts751.o
                0x0000000008008d1e                STTS751_ReadID
 .text.STTS751_GetCapabilities
                0x0000000008008d54       0x56 ./Drivers/BSP/Components/stts751/stts751.o
                0x0000000008008d54                STTS751_GetCapabilities
 .text.STTS751_TEMP_Enable
                0x0000000008008daa       0x44 ./Drivers/BSP/Components/stts751/stts751.o
                0x0000000008008daa                STTS751_TEMP_Enable
 .text.STTS751_TEMP_Disable
                0x0000000008008dee       0x58 ./Drivers/BSP/Components/stts751/stts751.o
                0x0000000008008dee                STTS751_TEMP_Disable
 *fill*         0x0000000008008e46        0x2 
 .text.STTS751_TEMP_GetOutputDataRate
                0x0000000008008e48       0xf4 ./Drivers/BSP/Components/stts751/stts751.o
                0x0000000008008e48                STTS751_TEMP_GetOutputDataRate
 .text.STTS751_TEMP_SetOutputDataRate
                0x0000000008008f3c      0x184 ./Drivers/BSP/Components/stts751/stts751.o
                0x0000000008008f3c                STTS751_TEMP_SetOutputDataRate
 .text.STTS751_TEMP_GetTemperature
                0x00000000080090c0       0x44 ./Drivers/BSP/Components/stts751/stts751.o
                0x00000000080090c0                STTS751_TEMP_GetTemperature
 .text.ReadRegWrap
                0x0000000008009104       0x6e ./Drivers/BSP/Components/stts751/stts751.o
 .text.WriteRegWrap
                0x0000000008009172       0x6e ./Drivers/BSP/Components/stts751/stts751.o
 .text.stts751_read_reg
                0x00000000080091e0       0x30 ./Drivers/BSP/Components/stts751/stts751_reg.o
                0x00000000080091e0                stts751_read_reg
 .text.stts751_write_reg
                0x0000000008009210       0x30 ./Drivers/BSP/Components/stts751/stts751_reg.o
                0x0000000008009210                stts751_write_reg
 .text.stts751_from_lsb_to_celsius
                0x0000000008009240       0x34 ./Drivers/BSP/Components/stts751/stts751_reg.o
                0x0000000008009240                stts751_from_lsb_to_celsius
 .text.stts751_temp_data_rate_set
                0x0000000008009274       0xac ./Drivers/BSP/Components/stts751/stts751_reg.o
                0x0000000008009274                stts751_temp_data_rate_set
 .text.stts751_temp_data_rate_get
                0x0000000008009320      0x100 ./Drivers/BSP/Components/stts751/stts751_reg.o
                0x0000000008009320                stts751_temp_data_rate_get
 .text.stts751_resolution_set
                0x0000000008009420       0x4c ./Drivers/BSP/Components/stts751/stts751_reg.o
                0x0000000008009420                stts751_resolution_set
 .text.stts751_resolution_get
                0x000000000800946c       0x70 ./Drivers/BSP/Components/stts751/stts751_reg.o
                0x000000000800946c                stts751_resolution_get
 .text.stts751_temperature_raw_get
                0x00000000080094dc       0x5e ./Drivers/BSP/Components/stts751/stts751_reg.o
                0x00000000080094dc                stts751_temperature_raw_get
 .text.stts751_pin_event_route_set
                0x000000000800953a       0x4c ./Drivers/BSP/Components/stts751/stts751_reg.o
                0x000000000800953a                stts751_pin_event_route_set
 .text.stts751_device_id_get
                0x0000000008009586       0x4e ./Drivers/BSP/Components/stts751/stts751_reg.o
                0x0000000008009586                stts751_device_id_get
 .text.IKS01A3_ENV_SENSOR_Init
                0x00000000080095d4      0x21c ./Drivers/BSP/IKS01A3/iks01a3_env_sensors.o
                0x00000000080095d4                IKS01A3_ENV_SENSOR_Init
 .text.IKS01A3_ENV_SENSOR_GetCapabilities
                0x00000000080097f0       0x54 ./Drivers/BSP/IKS01A3/iks01a3_env_sensors.o
                0x00000000080097f0                IKS01A3_ENV_SENSOR_GetCapabilities
 .text.IKS01A3_ENV_SENSOR_GetValue
                0x0000000008009844       0x84 ./Drivers/BSP/IKS01A3/iks01a3_env_sensors.o
                0x0000000008009844                IKS01A3_ENV_SENSOR_GetValue
 .text.HTS221_0_Probe
                0x00000000080098c8      0x194 ./Drivers/BSP/IKS01A3/iks01a3_env_sensors.o
 .text.LPS22HH_0_Probe
                0x0000000008009a5c      0x198 ./Drivers/BSP/IKS01A3/iks01a3_env_sensors.o
 .text.STTS751_0_Probe
                0x0000000008009bf4      0x164 ./Drivers/BSP/IKS01A3/iks01a3_env_sensors.o
 .text.IKS01A3_MOTION_SENSOR_Init
                0x0000000008009d58      0x1f8 ./Drivers/BSP/IKS01A3/iks01a3_motion_sensors.o
                0x0000000008009d58                IKS01A3_MOTION_SENSOR_Init
 .text.IKS01A3_MOTION_SENSOR_GetCapabilities
                0x0000000008009f50       0x54 ./Drivers/BSP/IKS01A3/iks01a3_motion_sensors.o
                0x0000000008009f50                IKS01A3_MOTION_SENSOR_GetCapabilities
 .text.LSM6DSO_0_Probe
                0x0000000008009fa4      0x180 ./Drivers/BSP/IKS01A3/iks01a3_motion_sensors.o
 .text.LIS2DW12_0_Probe
                0x000000000800a124      0x150 ./Drivers/BSP/IKS01A3/iks01a3_motion_sensors.o
 .text.LIS2MDL_0_Probe
                0x000000000800a274      0x150 ./Drivers/BSP/IKS01A3/iks01a3_motion_sensors.o
 .text.HAL_Init
                0x000000000800a3c4       0x30 ./Drivers/STM32L4xx_HAL_Driver/Src/stm32l4xx_hal.o
                0x000000000800a3c4                HAL_Init
 .text.HAL_InitTick
                0x000000000800a3f4       0x78 ./Drivers/STM32L4xx_HAL_Driver/Src/stm32l4xx_hal.o
                0x000000000800a3f4                HAL_InitTick
 .text.HAL_IncTick
                0x000000000800a46c       0x28 ./Drivers/STM32L4xx_HAL_Driver/Src/stm32l4xx_hal.o
                0x000000000800a46c                HAL_IncTick
 .text.HAL_GetTick
                0x000000000800a494       0x18 ./Drivers/STM32L4xx_HAL_Driver/Src/stm32l4xx_hal.o
                0x000000000800a494                HAL_GetTick
 .text.HAL_Delay
                0x000000000800a4ac       0x48 ./Drivers/STM32L4xx_HAL_Driver/Src/stm32l4xx_hal.o
                0x000000000800a4ac                HAL_Delay
 .text.LL_ADC_SetCommonClock
                0x000000000800a4f4       0x26 ./Drivers/STM32L4xx_HAL_Driver/Src/stm32l4xx_hal_adc.o
 .text.LL_ADC_SetCommonPathInternalCh
                0x000000000800a51a       0x26 ./Drivers/STM32L4xx_HAL_Driver/Src/stm32l4xx_hal_adc.o
 .text.LL_ADC_GetCommonPathInternalCh
                0x000000000800a540       0x1c ./Drivers/STM32L4xx_HAL_Driver/Src/stm32l4xx_hal_adc.o
 .text.LL_ADC_SetOffset
                0x000000000800a55c       0x48 ./Drivers/STM32L4xx_HAL_Driver/Src/stm32l4xx_hal_adc.o
 .text.LL_ADC_GetOffsetChannel
                0x000000000800a5a4       0x2c ./Drivers/STM32L4xx_HAL_Driver/Src/stm32l4xx_hal_adc.o
 .text.LL_ADC_SetOffsetState
                0x000000000800a5d0       0x36 ./Drivers/STM32L4xx_HAL_Driver/Src/stm32l4xx_hal_adc.o
 .text.LL_ADC_REG_IsTriggerSourceSWStart
                0x000000000800a606       0x26 ./Drivers/STM32L4xx_HAL_Driver/Src/stm32l4xx_hal_adc.o
 .text.LL_ADC_REG_SetSequencerRanks
                0x000000000800a62c       0x58 ./Drivers/STM32L4xx_HAL_Driver/Src/stm32l4xx_hal_adc.o
 .text.LL_ADC_SetChannelSamplingTime
                0x000000000800a684       0x56 ./Drivers/STM32L4xx_HAL_Driver/Src/stm32l4xx_hal_adc.o
 *fill*         0x000000000800a6da        0x2 
 .text.LL_ADC_SetChannelSingleDiff
                0x000000000800a6dc       0x48 ./Drivers/STM32L4xx_HAL_Driver/Src/stm32l4xx_hal_adc.o
 .text.LL_ADC_GetMultimode
                0x000000000800a724       0x1c ./Drivers/STM32L4xx_HAL_Driver/Src/stm32l4xx_hal_adc.o
 .text.LL_ADC_GetMultiDMATransfer
                0x000000000800a740       0x1c ./Drivers/STM32L4xx_HAL_Driver/Src/stm32l4xx_hal_adc.o
 .text.LL_ADC_DisableDeepPowerDown
                0x000000000800a75c       0x24 ./Drivers/STM32L4xx_HAL_Driver/Src/stm32l4xx_hal_adc.o
 .text.LL_ADC_IsDeepPowerDownEnabled
                0x000000000800a780       0x28 ./Drivers/STM32L4xx_HAL_Driver/Src/stm32l4xx_hal_adc.o
 .text.LL_ADC_EnableInternalRegulator
                0x000000000800a7a8       0x28 ./Drivers/STM32L4xx_HAL_Driver/Src/stm32l4xx_hal_adc.o
 .text.LL_ADC_IsInternalRegulatorEnabled
                0x000000000800a7d0       0x28 ./Drivers/STM32L4xx_HAL_Driver/Src/stm32l4xx_hal_adc.o
 .text.LL_ADC_Enable
                0x000000000800a7f8       0x28 ./Drivers/STM32L4xx_HAL_Driver/Src/stm32l4xx_hal_adc.o
 .text.LL_ADC_Disable
                0x000000000800a820       0x28 ./Drivers/STM32L4xx_HAL_Driver/Src/stm32l4xx_hal_adc.o
 .text.LL_ADC_IsEnabled
                0x000000000800a848       0x26 ./Drivers/STM32L4xx_HAL_Driver/Src/stm32l4xx_hal_adc.o
 .text.LL_ADC_IsDisableOngoing
                0x000000000800a86e       0x26 ./Drivers/STM32L4xx_HAL_Driver/Src/stm32l4xx_hal_adc.o
 .text.LL_ADC_REG_StartConversion
                0x000000000800a894       0x28 ./Drivers/STM32L4xx_HAL_Driver/Src/stm32l4xx_hal_adc.o
 .text.LL_ADC_REG_StopConversion
                0x000000000800a8bc       0x28 ./Drivers/STM32L4xx_HAL_Driver/Src/stm32l4xx_hal_adc.o
 .text.LL_ADC_REG_IsConversionOngoing
                0x000000000800a8e4       0x26 ./Drivers/STM32L4xx_HAL_Driver/Src/stm32l4xx_hal_adc.o
 .text.LL_ADC_INJ_StopConversion
                0x000000000800a90a       0x28 ./Drivers/STM32L4xx_HAL_Driver/Src/stm32l4xx_hal_adc.o
 .text.LL_ADC_INJ_IsConversionOngoing
                0x000000000800a932       0x26 ./Drivers/STM32L4xx_HAL_Driver/Src/stm32l4xx_hal_adc.o
 .text.HAL_ADC_Init
                0x000000000800a958      0x2a0 ./Drivers/STM32L4xx_HAL_Driver/Src/stm32l4xx_hal_adc.o
                0x000000000800a958                HAL_ADC_Init
 .text.HAL_ADC_Start
                0x000000000800abf8      0x174 ./Drivers/STM32L4xx_HAL_Driver/Src/stm32l4xx_hal_adc.o
                0x000000000800abf8                HAL_ADC_Start
 .text.HAL_ADC_Stop
                0x000000000800ad6c       0x66 ./Drivers/STM32L4xx_HAL_Driver/Src/stm32l4xx_hal_adc.o
                0x000000000800ad6c                HAL_ADC_Stop
 *fill*         0x000000000800add2        0x2 
 .text.HAL_ADC_PollForConversion
                0x000000000800add4      0x1b0 ./Drivers/STM32L4xx_HAL_Driver/Src/stm32l4xx_hal_adc.o
                0x000000000800add4                HAL_ADC_PollForConversion
 .text.HAL_ADC_GetValue
                0x000000000800af84       0x1a ./Drivers/STM32L4xx_HAL_Driver/Src/stm32l4xx_hal_adc.o
                0x000000000800af84                HAL_ADC_GetValue
 *fill*         0x000000000800af9e        0x2 
 .text.HAL_ADC_ConfigChannel
                0x000000000800afa0      0x7e4 ./Drivers/STM32L4xx_HAL_Driver/Src/stm32l4xx_hal_adc.o
                0x000000000800afa0                HAL_ADC_ConfigChannel
 .text.ADC_ConversionStop
                0x000000000800b784      0x178 ./Drivers/STM32L4xx_HAL_Driver/Src/stm32l4xx_hal_adc.o
                0x000000000800b784                ADC_ConversionStop
 .text.ADC_Enable
                0x000000000800b8fc      0x10c ./Drivers/STM32L4xx_HAL_Driver/Src/stm32l4xx_hal_adc.o
                0x000000000800b8fc                ADC_Enable
 .text.ADC_Disable
                0x000000000800ba08       0xbe ./Drivers/STM32L4xx_HAL_Driver/Src/stm32l4xx_hal_adc.o
                0x000000000800ba08                ADC_Disable
 .text.LL_ADC_IsEnabled
                0x000000000800bac6       0x26 ./Drivers/STM32L4xx_HAL_Driver/Src/stm32l4xx_hal_adc_ex.o
 .text.LL_ADC_REG_IsConversionOngoing
                0x000000000800baec       0x26 ./Drivers/STM32L4xx_HAL_Driver/Src/stm32l4xx_hal_adc_ex.o
 *fill*         0x000000000800bb12        0x2 
 .text.HAL_ADCEx_MultiModeConfigChannel
                0x000000000800bb14      0x160 ./Drivers/STM32L4xx_HAL_Driver/Src/stm32l4xx_hal_adc_ex.o
                0x000000000800bb14                HAL_ADCEx_MultiModeConfigChannel
 .text.__NVIC_SetPriorityGrouping
                0x000000000800bc74       0x48 ./Drivers/STM32L4xx_HAL_Driver/Src/stm32l4xx_hal_cortex.o
 .text.__NVIC_GetPriorityGrouping
                0x000000000800bcbc       0x1c ./Drivers/STM32L4xx_HAL_Driver/Src/stm32l4xx_hal_cortex.o
 .text.__NVIC_EnableIRQ
                0x000000000800bcd8       0x3c ./Drivers/STM32L4xx_HAL_Driver/Src/stm32l4xx_hal_cortex.o
 .text.__NVIC_SetPriority
                0x000000000800bd14       0x54 ./Drivers/STM32L4xx_HAL_Driver/Src/stm32l4xx_hal_cortex.o
 .text.NVIC_EncodePriority
                0x000000000800bd68       0x66 ./Drivers/STM32L4xx_HAL_Driver/Src/stm32l4xx_hal_cortex.o
 *fill*         0x000000000800bdce        0x2 
 .text.SysTick_Config
                0x000000000800bdd0       0x44 ./Drivers/STM32L4xx_HAL_Driver/Src/stm32l4xx_hal_cortex.o
 .text.HAL_NVIC_SetPriorityGrouping
                0x000000000800be14       0x16 ./Drivers/STM32L4xx_HAL_Driver/Src/stm32l4xx_hal_cortex.o
                0x000000000800be14                HAL_NVIC_SetPriorityGrouping
 .text.HAL_NVIC_SetPriority
                0x000000000800be2a       0x38 ./Drivers/STM32L4xx_HAL_Driver/Src/stm32l4xx_hal_cortex.o
                0x000000000800be2a                HAL_NVIC_SetPriority
 .text.HAL_NVIC_EnableIRQ
                0x000000000800be62       0x1c ./Drivers/STM32L4xx_HAL_Driver/Src/stm32l4xx_hal_cortex.o
                0x000000000800be62                HAL_NVIC_EnableIRQ
 .text.HAL_SYSTICK_Config
                0x000000000800be7e       0x18 ./Drivers/STM32L4xx_HAL_Driver/Src/stm32l4xx_hal_cortex.o
                0x000000000800be7e                HAL_SYSTICK_Config
 *fill*         0x000000000800be96        0x2 
 .text.HAL_GPIO_Init
                0x000000000800be98      0x354 ./Drivers/STM32L4xx_HAL_Driver/Src/stm32l4xx_hal_gpio.o
                0x000000000800be98                HAL_GPIO_Init
 .text.HAL_GPIO_DeInit
                0x000000000800c1ec      0x1e8 ./Drivers/STM32L4xx_HAL_Driver/Src/stm32l4xx_hal_gpio.o
                0x000000000800c1ec                HAL_GPIO_DeInit
 .text.HAL_GPIO_WritePin
                0x000000000800c3d4       0x30 ./Drivers/STM32L4xx_HAL_Driver/Src/stm32l4xx_hal_gpio.o
                0x000000000800c3d4                HAL_GPIO_WritePin
 .text.HAL_GPIO_EXTI_IRQHandler
                0x000000000800c404       0x30 ./Drivers/STM32L4xx_HAL_Driver/Src/stm32l4xx_hal_gpio.o
                0x000000000800c404                HAL_GPIO_EXTI_IRQHandler
 .text.HAL_I2C_Init
                0x000000000800c434      0x136 ./Drivers/STM32L4xx_HAL_Driver/Src/stm32l4xx_hal_i2c.o
                0x000000000800c434                HAL_I2C_Init
 .text.HAL_I2C_DeInit
                0x000000000800c56a       0x5e ./Drivers/STM32L4xx_HAL_Driver/Src/stm32l4xx_hal_i2c.o
                0x000000000800c56a                HAL_I2C_DeInit
 .text.HAL_I2C_MspInit
                0x000000000800c5c8       0x14 ./Drivers/STM32L4xx_HAL_Driver/Src/stm32l4xx_hal_i2c.o
                0x000000000800c5c8                HAL_I2C_MspInit
 .text.HAL_I2C_MspDeInit
                0x000000000800c5dc       0x14 ./Drivers/STM32L4xx_HAL_Driver/Src/stm32l4xx_hal_i2c.o
                0x000000000800c5dc                HAL_I2C_MspDeInit
 .text.HAL_I2C_Mem_Write
                0x000000000800c5f0      0x228 ./Drivers/STM32L4xx_HAL_Driver/Src/stm32l4xx_hal_i2c.o
                0x000000000800c5f0                HAL_I2C_Mem_Write
 .text.HAL_I2C_Mem_Read
                0x000000000800c818      0x234 ./Drivers/STM32L4xx_HAL_Driver/Src/stm32l4xx_hal_i2c.o
                0x000000000800c818                HAL_I2C_Mem_Read
 .text.HAL_I2C_GetState
                0x000000000800ca4c       0x1c ./Drivers/STM32L4xx_HAL_Driver/Src/stm32l4xx_hal_i2c.o
                0x000000000800ca4c                HAL_I2C_GetState
 .text.HAL_I2C_GetError
                0x000000000800ca68       0x18 ./Drivers/STM32L4xx_HAL_Driver/Src/stm32l4xx_hal_i2c.o
                0x000000000800ca68                HAL_I2C_GetError
 .text.I2C_RequestMemoryWrite
                0x000000000800ca80       0xa8 ./Drivers/STM32L4xx_HAL_Driver/Src/stm32l4xx_hal_i2c.o
 .text.I2C_RequestMemoryRead
                0x000000000800cb28       0xa8 ./Drivers/STM32L4xx_HAL_Driver/Src/stm32l4xx_hal_i2c.o
 .text.I2C_Flush_TXDR
                0x000000000800cbd0       0x48 ./Drivers/STM32L4xx_HAL_Driver/Src/stm32l4xx_hal_i2c.o
 .text.I2C_WaitOnFlagUntilTimeout
                0x000000000800cc18       0x9e ./Drivers/STM32L4xx_HAL_Driver/Src/stm32l4xx_hal_i2c.o
 .text.I2C_WaitOnTXISFlagUntilTimeout
                0x000000000800ccb6       0x8e ./Drivers/STM32L4xx_HAL_Driver/Src/stm32l4xx_hal_i2c.o
 .text.I2C_WaitOnSTOPFlagUntilTimeout
                0x000000000800cd44       0x86 ./Drivers/STM32L4xx_HAL_Driver/Src/stm32l4xx_hal_i2c.o
 *fill*         0x000000000800cdca        0x2 
 .text.I2C_IsErrorOccurred
                0x000000000800cdcc      0x1c0 ./Drivers/STM32L4xx_HAL_Driver/Src/stm32l4xx_hal_i2c.o
 .text.I2C_TransferConfig
                0x000000000800cf8c       0x64 ./Drivers/STM32L4xx_HAL_Driver/Src/stm32l4xx_hal_i2c.o
 .text.HAL_I2CEx_ConfigAnalogFilter
                0x000000000800cff0       0x96 ./Drivers/STM32L4xx_HAL_Driver/Src/stm32l4xx_hal_i2c_ex.o
                0x000000000800cff0                HAL_I2CEx_ConfigAnalogFilter
 .text.HAL_I2CEx_ConfigDigitalFilter
                0x000000000800d086       0x98 ./Drivers/STM32L4xx_HAL_Driver/Src/stm32l4xx_hal_i2c_ex.o
                0x000000000800d086                HAL_I2CEx_ConfigDigitalFilter
 *fill*         0x000000000800d11e        0x2 
 .text.HAL_PWREx_GetVoltageRange
                0x000000000800d120       0x1c ./Drivers/STM32L4xx_HAL_Driver/Src/stm32l4xx_hal_pwr_ex.o
                0x000000000800d120                HAL_PWREx_GetVoltageRange
 .text.HAL_PWREx_ControlVoltageScaling
                0x000000000800d13c       0xac ./Drivers/STM32L4xx_HAL_Driver/Src/stm32l4xx_hal_pwr_ex.o
                0x000000000800d13c                HAL_PWREx_ControlVoltageScaling
 .text.HAL_RCC_OscConfig
                0x000000000800d1e8      0x7b8 ./Drivers/STM32L4xx_HAL_Driver/Src/stm32l4xx_hal_rcc.o
                0x000000000800d1e8                HAL_RCC_OscConfig
 .text.HAL_RCC_ClockConfig
                0x000000000800d9a0      0x200 ./Drivers/STM32L4xx_HAL_Driver/Src/stm32l4xx_hal_rcc.o
                0x000000000800d9a0                HAL_RCC_ClockConfig
 .text.HAL_RCC_GetSysClockFreq
                0x000000000800dba0      0x118 ./Drivers/STM32L4xx_HAL_Driver/Src/stm32l4xx_hal_rcc.o
                0x000000000800dba0                HAL_RCC_GetSysClockFreq
 .text.RCC_SetFlashLatencyFromMSIRange
                0x000000000800dcb8       0xc0 ./Drivers/STM32L4xx_HAL_Driver/Src/stm32l4xx_hal_rcc.o
 .text.HAL_RCCEx_PeriphCLKConfig
                0x000000000800dd78      0x5d4 ./Drivers/STM32L4xx_HAL_Driver/Src/stm32l4xx_hal_rcc_ex.o
                0x000000000800dd78                HAL_RCCEx_PeriphCLKConfig
 .text.RCCEx_PLLSAI1_Config
                0x000000000800e34c      0x1e8 ./Drivers/STM32L4xx_HAL_Driver/Src/stm32l4xx_hal_rcc_ex.o
 .text.RCCEx_PLLSAI2_Config
                0x000000000800e534      0x1bc ./Drivers/STM32L4xx_HAL_Driver/Src/stm32l4xx_hal_rcc_ex.o
 .text.HAL_RTC_Init
                0x000000000800e6f0      0x110 ./Drivers/STM32L4xx_HAL_Driver/Src/stm32l4xx_hal_rtc.o
                0x000000000800e6f0                HAL_RTC_Init
 .text.HAL_RTC_SetTime
                0x000000000800e800      0x13a ./Drivers/STM32L4xx_HAL_Driver/Src/stm32l4xx_hal_rtc.o
                0x000000000800e800                HAL_RTC_SetTime
 .text.HAL_RTC_GetTime
                0x000000000800e93a       0xb8 ./Drivers/STM32L4xx_HAL_Driver/Src/stm32l4xx_hal_rtc.o
                0x000000000800e93a                HAL_RTC_GetTime
 .text.HAL_RTC_SetDate
                0x000000000800e9f2      0x10e ./Drivers/STM32L4xx_HAL_Driver/Src/stm32l4xx_hal_rtc.o
                0x000000000800e9f2                HAL_RTC_SetDate
 .text.HAL_RTC_GetDate
                0x000000000800eb00       0x9a ./Drivers/STM32L4xx_HAL_Driver/Src/stm32l4xx_hal_rtc.o
                0x000000000800eb00                HAL_RTC_GetDate
 *fill*         0x000000000800eb9a        0x2 
 .text.HAL_RTC_WaitForSynchro
                0x000000000800eb9c       0x48 ./Drivers/STM32L4xx_HAL_Driver/Src/stm32l4xx_hal_rtc.o
                0x000000000800eb9c                HAL_RTC_WaitForSynchro
 .text.RTC_EnterInitMode
                0x000000000800ebe4       0x66 ./Drivers/STM32L4xx_HAL_Driver/Src/stm32l4xx_hal_rtc.o
                0x000000000800ebe4                RTC_EnterInitMode
 *fill*         0x000000000800ec4a        0x2 
 .text.RTC_ExitInitMode
                0x000000000800ec4c       0x7c ./Drivers/STM32L4xx_HAL_Driver/Src/stm32l4xx_hal_rtc.o
                0x000000000800ec4c                RTC_ExitInitMode
 .text.RTC_ByteToBcd2
                0x000000000800ecc8       0x40 ./Drivers/STM32L4xx_HAL_Driver/Src/stm32l4xx_hal_rtc.o
                0x000000000800ecc8                RTC_ByteToBcd2
 .text.RTC_Bcd2ToByte
                0x000000000800ed08       0x34 ./Drivers/STM32L4xx_HAL_Driver/Src/stm32l4xx_hal_rtc.o
                0x000000000800ed08                RTC_Bcd2ToByte
 .text.MX_MEMS_Init
                0x000000000800ed3c        0xc ./MEMS/App/app_mems.o
                0x000000000800ed3c                MX_MEMS_Init
 .text.MX_IKS01A3_DataLogTerminal_Init
                0x000000000800ed48      0x35c ./MEMS/App/app_mems.o
 *fill*         0x000000000800f0a4        0x4 
 .text.floatToInt
                0x000000000800f0a8      0x114 ./MEMS/App/app_mems.o
 *fill*         0x000000000800f1bc        0x4 
 .text.Temp_Sensor_Handler
                0x000000000800f1c0      0x1c4 ./MEMS/App/app_mems.o
                0x000000000800f1c0                Temp_Sensor_Handler
 .text.Press_Sensor_Handler
                0x000000000800f384       0xec ./MEMS/App/app_mems.o
                0x000000000800f384                Press_Sensor_Handler
 .text.Hum_Sensor_Handler
                0x000000000800f470       0xdc ./MEMS/App/app_mems.o
                0x000000000800f470                Hum_Sensor_Handler
 .text.__cvt    0x000000000800f54c       0xc4 C:/ST/STM32CubeIDE_1.14.1/STM32CubeIDE/plugins/com.st.stm32cube.ide.mcu.externaltools.gnu-tools-for-stm32.11.3.rel1.win32_1.1.100.202309141235/tools/bin/../lib/gcc/arm-none-eabi/11.3.1/../../../../arm-none-eabi/lib/thumb/v7e-m+fp/hard\libc_nano.a(libc_a-nano-vfprintf_float.o)
                0x000000000800f54c                __cvt
 .text.__exponent
                0x000000000800f610       0x7c C:/ST/STM32CubeIDE_1.14.1/STM32CubeIDE/plugins/com.st.stm32cube.ide.mcu.externaltools.gnu-tools-for-stm32.11.3.rel1.win32_1.1.100.202309141235/tools/bin/../lib/gcc/arm-none-eabi/11.3.1/../../../../arm-none-eabi/lib/thumb/v7e-m+fp/hard\libc_nano.a(libc_a-nano-vfprintf_float.o)
                0x000000000800f610                __exponent
 .text._printf_float
                0x000000000800f68c      0x46c C:/ST/STM32CubeIDE_1.14.1/STM32CubeIDE/plugins/com.st.stm32cube.ide.mcu.externaltools.gnu-tools-for-stm32.11.3.rel1.win32_1.1.100.202309141235/tools/bin/../lib/gcc/arm-none-eabi/11.3.1/../../../../arm-none-eabi/lib/thumb/v7e-m+fp/hard\libc_nano.a(libc_a-nano-vfprintf_float.o)
                0x000000000800f68c                _printf_float
 .text._printf_common
                0x000000000800faf8       0xda C:/ST/STM32CubeIDE_1.14.1/STM32CubeIDE/plugins/com.st.stm32cube.ide.mcu.externaltools.gnu-tools-for-stm32.11.3.rel1.win32_1.1.100.202309141235/tools/bin/../lib/gcc/arm-none-eabi/11.3.1/../../../../arm-none-eabi/lib/thumb/v7e-m+fp/hard\libc_nano.a(libc_a-nano-vfprintf_i.o)
                0x000000000800faf8                _printf_common
 *fill*         0x000000000800fbd2        0x2 
 .text._printf_i
                0x000000000800fbd4      0x244 C:/ST/STM32CubeIDE_1.14.1/STM32CubeIDE/plugins/com.st.stm32cube.ide.mcu.externaltools.gnu-tools-for-stm32.11.3.rel1.win32_1.1.100.202309141235/tools/bin/../lib/gcc/arm-none-eabi/11.3.1/../../../../arm-none-eabi/lib/thumb/v7e-m+fp/hard\libc_nano.a(libc_a-nano-vfprintf_i.o)
                0x000000000800fbd4                _printf_i
 .text._scanf_float
                0x000000000800fe18      0x420 C:/ST/STM32CubeIDE_1.14.1/STM32CubeIDE/plugins/com.st.stm32cube.ide.mcu.externaltools.gnu-tools-for-stm32.11.3.rel1.win32_1.1.100.202309141235/tools/bin/../lib/gcc/arm-none-eabi/11.3.1/../../../../arm-none-eabi/lib/thumb/v7e-m+fp/hard\libc_nano.a(libc_a-nano-vfscanf_float.o)
                0x000000000800fe18                _scanf_float
 .text.std      0x0000000008010238       0x6c C:/ST/STM32CubeIDE_1.14.1/STM32CubeIDE/plugins/com.st.stm32cube.ide.mcu.externaltools.gnu-tools-for-stm32.11.3.rel1.win32_1.1.100.202309141235/tools/bin/../lib/gcc/arm-none-eabi/11.3.1/../../../../arm-none-eabi/lib/thumb/v7e-m+fp/hard\libc_nano.a(libc_a-findfp.o)
 .text.stdio_exit_handler
                0x00000000080102a4       0x18 C:/ST/STM32CubeIDE_1.14.1/STM32CubeIDE/plugins/com.st.stm32cube.ide.mcu.externaltools.gnu-tools-for-stm32.11.3.rel1.win32_1.1.100.202309141235/tools/bin/../lib/gcc/arm-none-eabi/11.3.1/../../../../arm-none-eabi/lib/thumb/v7e-m+fp/hard\libc_nano.a(libc_a-findfp.o)
 .text.cleanup_stdio
                0x00000000080102bc       0x40 C:/ST/STM32CubeIDE_1.14.1/STM32CubeIDE/plugins/com.st.stm32cube.ide.mcu.externaltools.gnu-tools-for-stm32.11.3.rel1.win32_1.1.100.202309141235/tools/bin/../lib/gcc/arm-none-eabi/11.3.1/../../../../arm-none-eabi/lib/thumb/v7e-m+fp/hard\libc_nano.a(libc_a-findfp.o)
 .text.global_stdio_init.part.0
                0x00000000080102fc       0x3c C:/ST/STM32CubeIDE_1.14.1/STM32CubeIDE/plugins/com.st.stm32cube.ide.mcu.externaltools.gnu-tools-for-stm32.11.3.rel1.win32_1.1.100.202309141235/tools/bin/../lib/gcc/arm-none-eabi/11.3.1/../../../../arm-none-eabi/lib/thumb/v7e-m+fp/hard\libc_nano.a(libc_a-findfp.o)
 .text.__sfp_lock_acquire
                0x0000000008010338        0xc C:/ST/STM32CubeIDE_1.14.1/STM32CubeIDE/plugins/com.st.stm32cube.ide.mcu.externaltools.gnu-tools-for-stm32.11.3.rel1.win32_1.1.100.202309141235/tools/bin/../lib/gcc/arm-none-eabi/11.3.1/../../../../arm-none-eabi/lib/thumb/v7e-m+fp/hard\libc_nano.a(libc_a-findfp.o)
                0x0000000008010338                __sfp_lock_acquire
 .text.__sfp_lock_release
                0x0000000008010344        0xc C:/ST/STM32CubeIDE_1.14.1/STM32CubeIDE/plugins/com.st.stm32cube.ide.mcu.externaltools.gnu-tools-for-stm32.11.3.rel1.win32_1.1.100.202309141235/tools/bin/../lib/gcc/arm-none-eabi/11.3.1/../../../../arm-none-eabi/lib/thumb/v7e-m+fp/hard\libc_nano.a(libc_a-findfp.o)
                0x0000000008010344                __sfp_lock_release
 .text.__sinit  0x0000000008010350       0x30 C:/ST/STM32CubeIDE_1.14.1/STM32CubeIDE/plugins/com.st.stm32cube.ide.mcu.externaltools.gnu-tools-for-stm32.11.3.rel1.win32_1.1.100.202309141235/tools/bin/../lib/gcc/arm-none-eabi/11.3.1/../../../../arm-none-eabi/lib/thumb/v7e-m+fp/hard\libc_nano.a(libc_a-findfp.o)
                0x0000000008010350                __sinit
 .text._fwalk_sglue
                0x0000000008010380       0x3c C:/ST/STM32CubeIDE_1.14.1/STM32CubeIDE/plugins/com.st.stm32cube.ide.mcu.externaltools.gnu-tools-for-stm32.11.3.rel1.win32_1.1.100.202309141235/tools/bin/../lib/gcc/arm-none-eabi/11.3.1/../../../../arm-none-eabi/lib/thumb/v7e-m+fp/hard\libc_nano.a(libc_a-fwalk.o)
                0x0000000008010380                _fwalk_sglue
 .text.printf   0x00000000080103bc       0x24 C:/ST/STM32CubeIDE_1.14.1/STM32CubeIDE/plugins/com.st.stm32cube.ide.mcu.externaltools.gnu-tools-for-stm32.11.3.rel1.win32_1.1.100.202309141235/tools/bin/../lib/gcc/arm-none-eabi/11.3.1/../../../../arm-none-eabi/lib/thumb/v7e-m+fp/hard\libc_nano.a(libc_a-printf.o)
                0x00000000080103bc                iprintf
                0x00000000080103bc                printf
 .text.snprintf
                0x00000000080103e0       0x68 C:/ST/STM32CubeIDE_1.14.1/STM32CubeIDE/plugins/com.st.stm32cube.ide.mcu.externaltools.gnu-tools-for-stm32.11.3.rel1.win32_1.1.100.202309141235/tools/bin/../lib/gcc/arm-none-eabi/11.3.1/../../../../arm-none-eabi/lib/thumb/v7e-m+fp/hard\libc_nano.a(libc_a-snprintf.o)
                0x00000000080103e0                sniprintf
                0x00000000080103e0                snprintf
 .text.sprintf  0x0000000008010448       0x40 C:/ST/STM32CubeIDE_1.14.1/STM32CubeIDE/plugins/com.st.stm32cube.ide.mcu.externaltools.gnu-tools-for-stm32.11.3.rel1.win32_1.1.100.202309141235/tools/bin/../lib/gcc/arm-none-eabi/11.3.1/../../../../arm-none-eabi/lib/thumb/v7e-m+fp/hard\libc_nano.a(libc_a-sprintf.o)
                0x0000000008010448                siprintf
                0x0000000008010448                sprintf
 .text.__sread  0x0000000008010488       0x22 C:/ST/STM32CubeIDE_1.14.1/STM32CubeIDE/plugins/com.st.stm32cube.ide.mcu.externaltools.gnu-tools-for-stm32.11.3.rel1.win32_1.1.100.202309141235/tools/bin/../lib/gcc/arm-none-eabi/11.3.1/../../../../arm-none-eabi/lib/thumb/v7e-m+fp/hard\libc_nano.a(libc_a-stdio.o)
                0x0000000008010488                __sread
 .text.__swrite
                0x00000000080104aa       0x38 C:/ST/STM32CubeIDE_1.14.1/STM32CubeIDE/plugins/com.st.stm32cube.ide.mcu.externaltools.gnu-tools-for-stm32.11.3.rel1.win32_1.1.100.202309141235/tools/bin/../lib/gcc/arm-none-eabi/11.3.1/../../../../arm-none-eabi/lib/thumb/v7e-m+fp/hard\libc_nano.a(libc_a-stdio.o)
                0x00000000080104aa                __swrite
 .text.__sseek  0x00000000080104e2       0x24 C:/ST/STM32CubeIDE_1.14.1/STM32CubeIDE/plugins/com.st.stm32cube.ide.mcu.externaltools.gnu-tools-for-stm32.11.3.rel1.win32_1.1.100.202309141235/tools/bin/../lib/gcc/arm-none-eabi/11.3.1/../../../../arm-none-eabi/lib/thumb/v7e-m+fp/hard\libc_nano.a(libc_a-stdio.o)
                0x00000000080104e2                __sseek
 .text.__sclose