../Core/Src/main.c:73:10:adc_konwersja	40	static
../Core/Src/main.c:89:9:zmiana_temp	32	static
../Core/Src/main.c:136:6:wyswietl_date	80	static
../Core/Src/main.c:161:6:wywolaj_funkcje	16	static
../Core/Src/main.c:180:6:menu_acykliczne	32	static
../Core/Src/main.c:229:6:zmiana_mnoznika	48	static
../Core/Src/main.c:271:6:lcd_create_custom_char	24	static
../Core/Src/main.c:277:6:edytowanie_godziny	40	static
../Core/Src/main.c:322:6:edytowanie_minuty	40	static
../Core/Src/main.c:366:6:edytowanie_dnia	48	static
../Core/Src/main.c:410:6:edytowanie_miesiaca	48	static
../Core/Src/main.c:454:6:edytowanie_roku	48	static
../Core/Src/main.c:499:6:konfiguracja_daty	32	static
../Core/Src/main.c:580:6:wywolaj_menu	64	static
../Core/Src/main.c:655:10:wcisniety_przycisk	16	static
../Core/Src/main.c:669:6:konfiguracja_przyciskow	16	static
../Core/Src/main.c:724:5:main	120	static
../Core/Src/main.c:876:6:SystemClock_Config	96	static
../Core/Src/main.c:924:6:HAL_GPIO_EXTI_Callback	16	static
../Core/Src/main.c:938:6:Error_Handler	4	static,ignoring_inline_asm
